// Vitest Snapshot v1, https://vitest.dev/guide/snapshot.html

exports[`Layout component > renders correctly with data 1`] = `
<div>
  <div
    class="slice--navbar"
  />
  <main>
    mock-children
  </main>
  <div
    class="bg-blue border-[#3E3355] border-b py-10 px-6"
  >
    <div
      class="flex flex-col lg:flex-row max-w-[1048px] mx-auto justify-center lg:justify-between gap-5 items-center "
    >
      <p
        class="text-3xl md:text-4xl leading-[38px] md:leading-[48px] text-white my-0 text-center"
      >
        Thank you to our 
        <span
          class="text-pink pr-1"
        >
          300+
        </span>
        contributors
      </p>
      <div
        class="flex items-center justify-center p-4 space-x-4 w-[325px] rounded-3xl border border-white/50"
      />
    </div>
  </div>
  <div
    class="slice--footer"
  />
</div>
`;
