// Vitest Snapshot v1

exports[`BlogPost Template page > formatDiv renders correctly - inline code block 1`] = `
<div>
  <code>
    <code
      class="language-text"
    >
      test
    </code>
  </code>
</div>
`;

exports[`BlogPost Template page > formatDiv renders correctly 1`] = `
<div>
  <div>
    <p>
      test
    </p>
  </div>
</div>
`;

exports[`BlogPost Template page > renders correctly - featured image 1`] = `
<main>
  <section
    class="py-5 container"
  >
    <div
      class="row py-lg-5"
    >
      <div
        class="col-lg-9 col-md-9 mx-auto"
      >
        <article>
          <header
            class="pb-5"
          >
            <h1
              class="mb-0"
              style="font-weight: 900;"
            >
              MDX Page title
            </h1>
            <div
              class="byline"
              style="display: flex; align-items: center; margin-top: 1rem; margin-bottom: 1rem; text-decoration: none;"
            >
              2021-01-01
               – posted by   
              <a
                href="/news/author/pmc"
              >
                Adoptium PMC
              </a>
               
              <img
                alt="Adoptium PMC"
                image="[object Object]"
                stlye="[object Object]"
                style="margin-left: 0.5rem; margin-bottom: 0px; min-width: 30px; border-radius: 100%;"
              />
            </div>
            <button
              aria-label="twitter"
              class="react-share__ShareButton"
              style="background-color: transparent; padding: 0px 0.3em 0px 0px; cursor: pointer; margin-bottom: 0.2em;"
            >
              <svg
                height="30"
                viewBox="0 0 64 64"
                width="30"
              >
                <rect
                  fill="#00aced"
                  height="64"
                  rx="0"
                  ry="0"
                  width="64"
                />
                <path
                  d="M48,22.1c-1.2,0.5-2.4,0.9-3.8,1c1.4-0.8,2.4-2.1,2.9-3.6c-1.3,0.8-2.7,1.3-4.2,1.6 C41.7,19.8,40,19,38.2,19c-3.6,0-6.6,2.9-6.6,6.6c0,0.5,0.1,1,0.2,1.5c-5.5-0.3-10.3-2.9-13.5-6.9c-0.6,1-0.9,2.1-0.9,3.3 c0,2.3,1.2,4.3,2.9,5.5c-1.1,0-2.1-0.3-3-0.8c0,0,0,0.1,0,0.1c0,3.2,2.3,5.8,5.3,6.4c-0.6,0.1-1.1,0.2-1.7,0.2c-0.4,0-0.8,0-1.2-0.1 c0.8,2.6,3.3,4.5,6.1,4.6c-2.2,1.8-5.1,2.8-8.2,2.8c-0.5,0-1.1,0-1.6-0.1c2.9,1.9,6.4,2.9,10.1,2.9c12.1,0,18.7-10,18.7-18.7 c0-0.3,0-0.6,0-0.8C46,24.5,47.1,23.4,48,22.1z"
                  fill="white"
                />
              </svg>
            </button>
            <button
              aria-label="linkedin"
              class="react-share__ShareButton"
              style="background-color: transparent; padding: 0px 0.3em 0px 0px; cursor: pointer; margin-bottom: 0.2em;"
            >
              <svg
                height="30"
                viewBox="0 0 64 64"
                width="30"
              >
                <rect
                  fill="#007fb1"
                  height="64"
                  rx="0"
                  ry="0"
                  width="64"
                />
                <path
                  d="M20.4,44h5.4V26.6h-5.4V44z M23.1,18c-1.7,0-3.1,1.4-3.1,3.1c0,1.7,1.4,3.1,3.1,3.1 c1.7,0,3.1-1.4,3.1-3.1C26.2,19.4,24.8,18,23.1,18z M39.5,26.2c-2.6,0-4.4,1.4-5.1,2.8h-0.1v-2.4h-5.2V44h5.4v-8.6 c0-2.3,0.4-4.5,3.2-4.5c2.8,0,2.8,2.6,2.8,4.6V44H46v-9.5C46,29.8,45,26.2,39.5,26.2z"
                  fill="white"
                />
              </svg>
            </button>
            <button
              aria-label="facebook"
              class="react-share__ShareButton"
              style="background-color: transparent; padding: 0px 0.3em 0px 0px; cursor: pointer; margin-bottom: 0.2em;"
            >
              <svg
                height="30"
                viewBox="0 0 64 64"
                width="30"
              >
                <rect
                  fill="#3b5998"
                  height="64"
                  rx="0"
                  ry="0"
                  width="64"
                />
                <path
                  d="M34.1,47V33.3h4.6l0.7-5.3h-5.3v-3.4c0-1.5,0.4-2.6,2.6-2.6l2.8,0v-4.8c-0.5-0.1-2.2-0.2-4.1-0.2 c-4.1,0-6.9,2.5-6.9,7V28H24v5.3h4.6V47H34.1z"
                  fill="white"
                />
              </svg>
            </button>
            <button
              aria-label="reddit"
              class="react-share__ShareButton"
              style="background-color: transparent; padding: 0px 0.3em 0px 0px; cursor: pointer; margin-bottom: 0.2em;"
            >
              <svg
                height="30"
                viewBox="0 0 64 64"
                width="30"
              >
                <rect
                  fill="#ff4500"
                  height="64"
                  rx="0"
                  ry="0"
                  width="64"
                />
                <path
                  d="m 52.8165,31.942362 c 0,-2.4803 -2.0264,-4.4965 -4.5169,-4.4965 -1.2155,0 -2.3171,0.4862 -3.128,1.2682 -3.077,-2.0247 -7.2403,-3.3133 -11.8507,-3.4782 l 2.5211,-7.9373 6.8272,1.5997 -0.0102,0.0986 c 0,2.0281 1.6575,3.6771 3.6958,3.6771 2.0366,0 3.6924,-1.649 3.6924,-3.6771 0,-2.0281 -1.6575,-3.6788 -3.6924,-3.6788 -1.564,0 -2.8968,0.9758 -3.4357,2.3443 l -7.3593,-1.7255 c -0.3213,-0.0782 -0.6477,0.1071 -0.748,0.4233 L 32,25.212062 c -4.8246,0.0578 -9.1953,1.3566 -12.41,3.4425 -0.8058,-0.7446 -1.8751,-1.2104 -3.0583,-1.2104 -2.4905,0 -4.5152,2.0179 -4.5152,4.4982 0,1.649 0.9061,3.0787 2.2389,3.8607 -0.0884,0.4794 -0.1462,0.9639 -0.1462,1.4569 0,6.6487 8.1736,12.0581 18.2223,12.0581 10.0487,0 18.224,-5.4094 18.224,-12.0581 0,-0.4658 -0.0493,-0.9248 -0.1275,-1.377 1.4144,-0.7599 2.3885,-2.2304 2.3885,-3.9406 z m -29.2808,3.0872 c 0,-1.4756 1.207,-2.6775 2.6894,-2.6775 1.4824,0 2.6877,1.2019 2.6877,2.6775 0,1.4756 -1.2053,2.6758 -2.6877,2.6758 -1.4824,0 -2.6894,-1.2002 -2.6894,-2.6758 z m 15.4037,7.9373 c -1.3549,1.3481 -3.4816,2.0043 -6.5008,2.0043 l -0.0221,-0.0051 -0.0221,0.0051 c -3.0209,0 -5.1476,-0.6562 -6.5008,-2.0043 -0.2465,-0.2448 -0.2465,-0.6443 0,-0.8891 0.2465,-0.2465 0.6477,-0.2465 0.8942,0 1.105,1.0999 2.9393,1.6337 5.6066,1.6337 l 0.0221,0.0051 0.0221,-0.0051 c 2.6673,0 4.5016,-0.5355 5.6066,-1.6354 0.2465,-0.2465 0.6477,-0.2448 0.8942,0 0.2465,0.2465 0.2465,0.6443 0,0.8908 z m -0.3213,-5.2615 c -1.4824,0 -2.6877,-1.2002 -2.6877,-2.6758 0,-1.4756 1.2053,-2.6775 2.6877,-2.6775 1.4824,0 2.6877,1.2019 2.6877,2.6775 0,1.4756 -1.2053,2.6758 -2.6877,2.6758 z"
                  fill="white"
                />
              </svg>
            </button>
            <button
              aria-label="email"
              class="react-share__ShareButton"
              style="background-color: transparent; padding: 0px 0.3em 0px 0px; cursor: pointer; margin-bottom: 0.2em;"
            >
              <svg
                height="30"
                viewBox="0 0 64 64"
                width="30"
              >
                <rect
                  fill="#7f7f7f"
                  height="64"
                  rx="0"
                  ry="0"
                  width="64"
                />
                <path
                  d="M17,22v20h30V22H17z M41.1,25L32,32.1L22.9,25H41.1z M20,39V26.6l12,9.3l12-9.3V39H20z"
                  fill="white"
                />
              </svg>
            </button>
          </header>
          sample blog
          <a
            class="badge bg-secondary text-dark m-2"
            href="/blog/tags/tag1"
          >
            <svg
              fill="currentColor"
              height="1em"
              stroke="currentColor"
              strokeWidth="0"
              style="margin-right: .75em;"
              viewBox="0 0 512 512"
              width="1em"
              xmlns="http://www.w3.org/2000/svg"
            >
              <path
                d="M0 252.118V48C0 21.49 21.49 0 48 0h204.118a48 48 0 0 1 33.941 14.059l211.882 211.882c18.745 18.745 18.745 49.137 0 67.882L293.823 497.941c-18.745 18.745-49.137 18.745-67.882 0L14.059 286.059A48 48 0 0 1 0 252.118zM112 64c-26.51 0-48 21.49-48 48s21.49 48 48 48 48-21.49 48-48-21.49-48-48-48z"
              />
            </svg>
            tag1
          </a>
          <a
            class="badge bg-secondary text-dark m-2"
            href="/blog/tags/tag2"
          >
            <svg
              fill="currentColor"
              height="1em"
              stroke="currentColor"
              strokeWidth="0"
              style="margin-right: .75em;"
              viewBox="0 0 512 512"
              width="1em"
              xmlns="http://www.w3.org/2000/svg"
            >
              <path
                d="M0 252.118V48C0 21.49 21.49 0 48 0h204.118a48 48 0 0 1 33.941 14.059l211.882 211.882c18.745 18.745 18.745 49.137 0 67.882L293.823 497.941c-18.745 18.745-49.137 18.745-67.882 0L14.059 286.059A48 48 0 0 1 0 252.118zM112 64c-26.51 0-48 21.49-48 48s21.49 48 48 48 48-21.49 48-48-21.49-48-48-48z"
              />
            </svg>
            tag2
          </a>
          <p
            style="align-items: center; display: flex; flex-wrap: wrap; justify-content: flex-start; background-color: rgb(227, 227, 227); border-radius: 4px; padding: 0.5em; margin-top: 1em;"
          >
            <em>
              Do you have questions or want to discuss this post? Hit us up on the 
              <a
                href="https://adoptium.slack.com/"
              >
                Adoptium Slack workspace
              </a>
              !
            </em>
          </p>
          <hr
            class="p-3"
          />
          <footer
            class="pb-5"
          >
            <div
              style="display: flex;"
            >
              <img
                alt="Adoptium PMC"
                image="[object Object]"
                stlye="[object Object]"
                style="margin-right: 0.5rem; margin-bottom: 0px; min-width: 50px; border-radius: 100%;"
              />
              <p>
                Posted by 
                <a
                  href="/news/author/pmc"
                >
                  Adoptium PMC
                </a>
                – 
                Collective of Adoptium Project Management Committee members
                 
                <a
                  aria-label="GitHub Profile"
                  class="no-underline"
                  href="https://github.com/adoptium"
                >
                  <svg
                    fill="currentColor"
                    height="1em"
                    stroke="currentColor"
                    strokeWidth="0"
                    viewBox="0 0 496 512"
                    width="1em"
                    xmlns="http://www.w3.org/2000/svg"
                  >
                    <path
                      d="M165.9 397.4c0 2-2.3 3.6-5.2 3.6-3.3.3-5.6-1.3-5.6-3.6 0-2 2.3-3.6 5.2-3.6 3-.3 5.6 1.3 5.6 3.6zm-31.1-4.5c-.7 2 1.3 4.3 4.3 4.9 2.6 1 5.6 0 6.2-2s-1.3-4.3-4.3-5.2c-2.6-.7-5.5.3-6.2 2.3zm44.2-1.7c-2.9.7-4.9 2.6-4.6 4.9.3 2 2.9 3.3 5.9 2.6 2.9-.7 4.9-2.6 4.6-4.6-.3-1.9-3-3.2-5.9-2.9zM244.8 8C106.1 8 0 113.3 0 252c0 110.9 69.8 205.8 169.5 239.2 12.8 2.3 17.3-5.6 17.3-12.1 0-6.2-.3-40.4-.3-61.4 0 0-70 15-84.7-29.8 0 0-11.4-29.1-27.8-36.6 0 0-22.9-15.7 1.6-15.4 0 0 24.9 2 38.6 25.8 21.9 38.6 58.6 27.5 72.9 20.9 2.3-16 8.8-27.1 16-33.7-55.9-6.2-112.3-14.3-112.3-110.5 0-27.5 7.6-41.3 23.6-58.9-2.6-6.5-11.1-33.3 2.6-67.9 20.9-6.5 69 27 69 27 20-5.6 41.5-8.5 62.8-8.5s42.8 2.9 62.8 8.5c0 0 48.1-33.6 69-27 13.7 34.7 5.2 61.4 2.6 67.9 16 17.7 25.8 31.5 25.8 58.9 0 96.5-58.9 104.2-114.8 110.5 9.2 7.9 17 22.9 17 46.4 0 33.7-.3 75.4-.3 83.6 0 6.5 4.6 14.4 17.3 12.1C428.2 457.8 496 362.9 496 252 496 113.3 383.5 8 244.8 8zM97.2 352.9c-1.3 1-1 3.3.7 5.2 1.6 1.6 3.9 2.3 5.2 1 1.3-1 1-3.3-.7-5.2-1.6-1.6-3.9-2.3-5.2-1zm-10.8-8.1c-.7 1.3.3 2.9 2.3 3.9 1.6 1 3.6.7 4.3-.7.7-1.3-.3-2.9-2.3-3.9-2-.6-3.6-.3-4.3.7zm32.4 35.6c-1.6 1.3-1 4.3 1.3 6.2 2.3 2.3 5.2 2.6 6.5 1 1.3-1.3.7-4.3-1.3-6.2-2.2-2.3-5.2-2.6-6.5-1zm-11.4-14.7c-1.6 1-1.6 3.6 0 5.9 1.6 2.3 4.3 3.3 5.6 2.3 1.6-1.3 1.6-3.9 0-6.2-1.4-2.3-4-3.3-5.6-2z"
                    />
                  </svg>
                </a>
                 
                <a
                  aria-label="Twitter Profile"
                  class="no-underline"
                  href="https://twitter.com/adoptium"
                >
                  <svg
                    fill="currentColor"
                    height="1em"
                    stroke="currentColor"
                    strokeWidth="0"
                    viewBox="0 0 512 512"
                    width="1em"
                    xmlns="http://www.w3.org/2000/svg"
                  >
                    <path
                      d="M459.37 151.716c.325 4.548.325 9.097.325 13.645 0 138.72-105.583 298.558-298.558 298.558-59.452 0-114.68-17.219-161.137-47.106 8.447.974 16.568 1.299 25.34 1.299 49.055 0 94.213-16.568 130.274-44.832-46.132-.975-84.792-31.188-98.112-72.772 6.498.974 12.995 1.624 19.818 1.624 9.421 0 18.843-1.3 27.614-3.573-48.081-9.747-84.143-51.98-84.143-102.985v-1.299c13.969 7.797 30.214 12.67 47.431 13.319-28.264-18.843-46.781-51.005-46.781-87.391 0-19.492 5.197-37.36 14.294-52.954 51.655 63.675 129.3 105.258 216.365 109.807-1.624-7.797-2.599-15.918-2.599-24.04 0-57.828 46.782-104.934 104.934-104.934 30.213 0 57.502 12.67 76.67 33.137 23.715-4.548 46.456-13.32 66.599-25.34-7.798 24.366-24.366 44.833-46.132 57.827 21.117-2.273 41.584-8.122 60.426-16.243-14.292 20.791-32.161 39.308-52.628 54.253z"
                    />
                  </svg>
                </a>
                 
              </p>
            </div>
          </footer>
        </article>
        <div>
          <ul
            style="display: flex; flex-wrap: wrap; justify-content: space-between; list-style: none; padding: 0px;"
          >
            <li>
              <a
                href="/blog/next"
                rel="next"
              >
                ← 
                Next
              </a>
            </li>
            <li>
              <a
                href="/blog/previous"
                rel="prev"
              >
                Previous
                 →
              </a>
            </li>
          </ul>
        </div>
      </div>
    </div>
  </section>
</main>
`;

exports[`BlogPost Template page > renders correctly 1`] = `
<main>
  <section
    class="py-5 container"
  >
    <div
      class="row py-lg-5"
    >
      <div
        class="col-lg-9 col-md-9 mx-auto"
      >
        <article>
          <header
            class="pb-5"
          >
            <h1
              class="mb-0"
              style="font-weight: 900;"
            >
              MDX Page title
            </h1>
            <div
              class="byline"
              style="display: flex; align-items: center; margin-top: 1rem; margin-bottom: 1rem; text-decoration: none;"
            >
              2021-01-01
               – posted by   
              <a
                href="/news/author/pmc"
              >
                Adoptium PMC
              </a>
               
              <img
                alt="Adoptium PMC"
                image="[object Object]"
                stlye="[object Object]"
                style="margin-left: 0.5rem; margin-bottom: 0px; min-width: 30px; border-radius: 100%;"
              />
            </div>
            <button
              aria-label="twitter"
              class="react-share__ShareButton"
              style="background-color: transparent; padding: 0px 0.3em 0px 0px; cursor: pointer; margin-bottom: 0.2em;"
            >
              <svg
                height="30"
                viewBox="0 0 64 64"
                width="30"
              >
                <rect
                  fill="#00aced"
                  height="64"
                  rx="0"
                  ry="0"
                  width="64"
                />
                <path
                  d="M48,22.1c-1.2,0.5-2.4,0.9-3.8,1c1.4-0.8,2.4-2.1,2.9-3.6c-1.3,0.8-2.7,1.3-4.2,1.6 C41.7,19.8,40,19,38.2,19c-3.6,0-6.6,2.9-6.6,6.6c0,0.5,0.1,1,0.2,1.5c-5.5-0.3-10.3-2.9-13.5-6.9c-0.6,1-0.9,2.1-0.9,3.3 c0,2.3,1.2,4.3,2.9,5.5c-1.1,0-2.1-0.3-3-0.8c0,0,0,0.1,0,0.1c0,3.2,2.3,5.8,5.3,6.4c-0.6,0.1-1.1,0.2-1.7,0.2c-0.4,0-0.8,0-1.2-0.1 c0.8,2.6,3.3,4.5,6.1,4.6c-2.2,1.8-5.1,2.8-8.2,2.8c-0.5,0-1.1,0-1.6-0.1c2.9,1.9,6.4,2.9,10.1,2.9c12.1,0,18.7-10,18.7-18.7 c0-0.3,0-0.6,0-0.8C46,24.5,47.1,23.4,48,22.1z"
                  fill="white"
                />
              </svg>
            </button>
            <button
              aria-label="linkedin"
              class="react-share__ShareButton"
              style="background-color: transparent; padding: 0px 0.3em 0px 0px; cursor: pointer; margin-bottom: 0.2em;"
            >
              <svg
                height="30"
                viewBox="0 0 64 64"
                width="30"
              >
                <rect
                  fill="#007fb1"
                  height="64"
                  rx="0"
                  ry="0"
                  width="64"
                />
                <path
                  d="M20.4,44h5.4V26.6h-5.4V44z M23.1,18c-1.7,0-3.1,1.4-3.1,3.1c0,1.7,1.4,3.1,3.1,3.1 c1.7,0,3.1-1.4,3.1-3.1C26.2,19.4,24.8,18,23.1,18z M39.5,26.2c-2.6,0-4.4,1.4-5.1,2.8h-0.1v-2.4h-5.2V44h5.4v-8.6 c0-2.3,0.4-4.5,3.2-4.5c2.8,0,2.8,2.6,2.8,4.6V44H46v-9.5C46,29.8,45,26.2,39.5,26.2z"
                  fill="white"
                />
              </svg>
            </button>
            <button
              aria-label="facebook"
              class="react-share__ShareButton"
              style="background-color: transparent; padding: 0px 0.3em 0px 0px; cursor: pointer; margin-bottom: 0.2em;"
            >
              <svg
                height="30"
                viewBox="0 0 64 64"
                width="30"
              >
                <rect
                  fill="#3b5998"
                  height="64"
                  rx="0"
                  ry="0"
                  width="64"
                />
                <path
                  d="M34.1,47V33.3h4.6l0.7-5.3h-5.3v-3.4c0-1.5,0.4-2.6,2.6-2.6l2.8,0v-4.8c-0.5-0.1-2.2-0.2-4.1-0.2 c-4.1,0-6.9,2.5-6.9,7V28H24v5.3h4.6V47H34.1z"
                  fill="white"
                />
              </svg>
            </button>
            <button
              aria-label="reddit"
              class="react-share__ShareButton"
              style="background-color: transparent; padding: 0px 0.3em 0px 0px; cursor: pointer; margin-bottom: 0.2em;"
            >
              <svg
                height="30"
                viewBox="0 0 64 64"
                width="30"
              >
                <rect
                  fill="#ff4500"
                  height="64"
                  rx="0"
                  ry="0"
                  width="64"
                />
                <path
                  d="m 52.8165,31.942362 c 0,-2.4803 -2.0264,-4.4965 -4.5169,-4.4965 -1.2155,0 -2.3171,0.4862 -3.128,1.2682 -3.077,-2.0247 -7.2403,-3.3133 -11.8507,-3.4782 l 2.5211,-7.9373 6.8272,1.5997 -0.0102,0.0986 c 0,2.0281 1.6575,3.6771 3.6958,3.6771 2.0366,0 3.6924,-1.649 3.6924,-3.6771 0,-2.0281 -1.6575,-3.6788 -3.6924,-3.6788 -1.564,0 -2.8968,0.9758 -3.4357,2.3443 l -7.3593,-1.7255 c -0.3213,-0.0782 -0.6477,0.1071 -0.748,0.4233 L 32,25.212062 c -4.8246,0.0578 -9.1953,1.3566 -12.41,3.4425 -0.8058,-0.7446 -1.8751,-1.2104 -3.0583,-1.2104 -2.4905,0 -4.5152,2.0179 -4.5152,4.4982 0,1.649 0.9061,3.0787 2.2389,3.8607 -0.0884,0.4794 -0.1462,0.9639 -0.1462,1.4569 0,6.6487 8.1736,12.0581 18.2223,12.0581 10.0487,0 18.224,-5.4094 18.224,-12.0581 0,-0.4658 -0.0493,-0.9248 -0.1275,-1.377 1.4144,-0.7599 2.3885,-2.2304 2.3885,-3.9406 z m -29.2808,3.0872 c 0,-1.4756 1.207,-2.6775 2.6894,-2.6775 1.4824,0 2.6877,1.2019 2.6877,2.6775 0,1.4756 -1.2053,2.6758 -2.6877,2.6758 -1.4824,0 -2.6894,-1.2002 -2.6894,-2.6758 z m 15.4037,7.9373 c -1.3549,1.3481 -3.4816,2.0043 -6.5008,2.0043 l -0.0221,-0.0051 -0.0221,0.0051 c -3.0209,0 -5.1476,-0.6562 -6.5008,-2.0043 -0.2465,-0.2448 -0.2465,-0.6443 0,-0.8891 0.2465,-0.2465 0.6477,-0.2465 0.8942,0 1.105,1.0999 2.9393,1.6337 5.6066,1.6337 l 0.0221,0.0051 0.0221,-0.0051 c 2.6673,0 4.5016,-0.5355 5.6066,-1.6354 0.2465,-0.2465 0.6477,-0.2448 0.8942,0 0.2465,0.2465 0.2465,0.6443 0,0.8908 z m -0.3213,-5.2615 c -1.4824,0 -2.6877,-1.2002 -2.6877,-2.6758 0,-1.4756 1.2053,-2.6775 2.6877,-2.6775 1.4824,0 2.6877,1.2019 2.6877,2.6775 0,1.4756 -1.2053,2.6758 -2.6877,2.6758 z"
                  fill="white"
                />
              </svg>
            </button>
            <button
              aria-label="email"
              class="react-share__ShareButton"
              style="background-color: transparent; padding: 0px 0.3em 0px 0px; cursor: pointer; margin-bottom: 0.2em;"
            >
              <svg
                height="30"
                viewBox="0 0 64 64"
                width="30"
              >
                <rect
                  fill="#7f7f7f"
                  height="64"
                  rx="0"
                  ry="0"
                  width="64"
                />
                <path
                  d="M17,22v20h30V22H17z M41.1,25L32,32.1L22.9,25H41.1z M20,39V26.6l12,9.3l12-9.3V39H20z"
                  fill="white"
                />
              </svg>
            </button>
          </header>
          sample blog
          <a
            class="badge bg-secondary text-dark m-2"
            href="/blog/tags/tag1"
          >
            <svg
              fill="currentColor"
              height="1em"
              stroke="currentColor"
              strokeWidth="0"
              style="margin-right: .75em;"
              viewBox="0 0 512 512"
              width="1em"
              xmlns="http://www.w3.org/2000/svg"
            >
              <path
                d="M0 252.118V48C0 21.49 21.49 0 48 0h204.118a48 48 0 0 1 33.941 14.059l211.882 211.882c18.745 18.745 18.745 49.137 0 67.882L293.823 497.941c-18.745 18.745-49.137 18.745-67.882 0L14.059 286.059A48 48 0 0 1 0 252.118zM112 64c-26.51 0-48 21.49-48 48s21.49 48 48 48 48-21.49 48-48-21.49-48-48-48z"
              />
            </svg>
            tag1
          </a>
          <a
            class="badge bg-secondary text-dark m-2"
            href="/blog/tags/tag2"
          >
            <svg
              fill="currentColor"
              height="1em"
              stroke="currentColor"
              strokeWidth="0"
              style="margin-right: .75em;"
              viewBox="0 0 512 512"
              width="1em"
              xmlns="http://www.w3.org/2000/svg"
            >
              <path
                d="M0 252.118V48C0 21.49 21.49 0 48 0h204.118a48 48 0 0 1 33.941 14.059l211.882 211.882c18.745 18.745 18.745 49.137 0 67.882L293.823 497.941c-18.745 18.745-49.137 18.745-67.882 0L14.059 286.059A48 48 0 0 1 0 252.118zM112 64c-26.51 0-48 21.49-48 48s21.49 48 48 48 48-21.49 48-48-21.49-48-48-48z"
              />
            </svg>
            tag2
          </a>
          <p
            style="align-items: center; display: flex; flex-wrap: wrap; justify-content: flex-start; background-color: rgb(227, 227, 227); border-radius: 4px; padding: 0.5em; margin-top: 1em;"
          >
            <em>
              Do you have questions or want to discuss this post? Hit us up on the 
              <a
                href="https://adoptium.slack.com/"
              >
                Adoptium Slack workspace
              </a>
              !
            </em>
          </p>
          <hr
            class="p-3"
          />
          <footer
            class="pb-5"
          >
            <div
              style="display: flex;"
            >
              <img
                alt="Adoptium PMC"
                image="[object Object]"
                stlye="[object Object]"
                style="margin-right: 0.5rem; margin-bottom: 0px; min-width: 50px; border-radius: 100%;"
              />
              <p>
                Posted by 
                <a
                  href="/news/author/pmc"
                >
                  Adoptium PMC
                </a>
                – 
                Collective of Adoptium Project Management Committee members
                 
                <a
                  aria-label="GitHub Profile"
                  class="no-underline"
                  href="https://github.com/adoptium"
                >
                  <svg
                    fill="currentColor"
                    height="1em"
                    stroke="currentColor"
                    strokeWidth="0"
                    viewBox="0 0 496 512"
                    width="1em"
                    xmlns="http://www.w3.org/2000/svg"
                  >
                    <path
                      d="M165.9 397.4c0 2-2.3 3.6-5.2 3.6-3.3.3-5.6-1.3-5.6-3.6 0-2 2.3-3.6 5.2-3.6 3-.3 5.6 1.3 5.6 3.6zm-31.1-4.5c-.7 2 1.3 4.3 4.3 4.9 2.6 1 5.6 0 6.2-2s-1.3-4.3-4.3-5.2c-2.6-.7-5.5.3-6.2 2.3zm44.2-1.7c-2.9.7-4.9 2.6-4.6 4.9.3 2 2.9 3.3 5.9 2.6 2.9-.7 4.9-2.6 4.6-4.6-.3-1.9-3-3.2-5.9-2.9zM244.8 8C106.1 8 0 113.3 0 252c0 110.9 69.8 205.8 169.5 239.2 12.8 2.3 17.3-5.6 17.3-12.1 0-6.2-.3-40.4-.3-61.4 0 0-70 15-84.7-29.8 0 0-11.4-29.1-27.8-36.6 0 0-22.9-15.7 1.6-15.4 0 0 24.9 2 38.6 25.8 21.9 38.6 58.6 27.5 72.9 20.9 2.3-16 8.8-27.1 16-33.7-55.9-6.2-112.3-14.3-112.3-110.5 0-27.5 7.6-41.3 23.6-58.9-2.6-6.5-11.1-33.3 2.6-67.9 20.9-6.5 69 27 69 27 20-5.6 41.5-8.5 62.8-8.5s42.8 2.9 62.8 8.5c0 0 48.1-33.6 69-27 13.7 34.7 5.2 61.4 2.6 67.9 16 17.7 25.8 31.5 25.8 58.9 0 96.5-58.9 104.2-114.8 110.5 9.2 7.9 17 22.9 17 46.4 0 33.7-.3 75.4-.3 83.6 0 6.5 4.6 14.4 17.3 12.1C428.2 457.8 496 362.9 496 252 496 113.3 383.5 8 244.8 8zM97.2 352.9c-1.3 1-1 3.3.7 5.2 1.6 1.6 3.9 2.3 5.2 1 1.3-1 1-3.3-.7-5.2-1.6-1.6-3.9-2.3-5.2-1zm-10.8-8.1c-.7 1.3.3 2.9 2.3 3.9 1.6 1 3.6.7 4.3-.7.7-1.3-.3-2.9-2.3-3.9-2-.6-3.6-.3-4.3.7zm32.4 35.6c-1.6 1.3-1 4.3 1.3 6.2 2.3 2.3 5.2 2.6 6.5 1 1.3-1.3.7-4.3-1.3-6.2-2.2-2.3-5.2-2.6-6.5-1zm-11.4-14.7c-1.6 1-1.6 3.6 0 5.9 1.6 2.3 4.3 3.3 5.6 2.3 1.6-1.3 1.6-3.9 0-6.2-1.4-2.3-4-3.3-5.6-2z"
                    />
                  </svg>
                </a>
                 
                <a
                  aria-label="Twitter Profile"
                  class="no-underline"
                  href="https://twitter.com/adoptium"
                >
                  <svg
                    fill="currentColor"
                    height="1em"
                    stroke="currentColor"
                    strokeWidth="0"
                    viewBox="0 0 512 512"
                    width="1em"
                    xmlns="http://www.w3.org/2000/svg"
                  >
                    <path
                      d="M459.37 151.716c.325 4.548.325 9.097.325 13.645 0 138.72-105.583 298.558-298.558 298.558-59.452 0-114.68-17.219-161.137-47.106 8.447.974 16.568 1.299 25.34 1.299 49.055 0 94.213-16.568 130.274-44.832-46.132-.975-84.792-31.188-98.112-72.772 6.498.974 12.995 1.624 19.818 1.624 9.421 0 18.843-1.3 27.614-3.573-48.081-9.747-84.143-51.98-84.143-102.985v-1.299c13.969 7.797 30.214 12.67 47.431 13.319-28.264-18.843-46.781-51.005-46.781-87.391 0-19.492 5.197-37.36 14.294-52.954 51.655 63.675 129.3 105.258 216.365 109.807-1.624-7.797-2.599-15.918-2.599-24.04 0-57.828 46.782-104.934 104.934-104.934 30.213 0 57.502 12.67 76.67 33.137 23.715-4.548 46.456-13.32 66.599-25.34-7.798 24.366-24.366 44.833-46.132 57.827 21.117-2.273 41.584-8.122 60.426-16.243-14.292 20.791-32.161 39.308-52.628 54.253z"
                    />
                  </svg>
                </a>
                 
              </p>
            </div>
          </footer>
        </article>
        <div>
          <ul
            style="display: flex; flex-wrap: wrap; justify-content: space-between; list-style: none; padding: 0px;"
          >
            <li>
              <a
                href="/blog/next"
                rel="next"
              >
                ← 
                Next
              </a>
            </li>
            <li>
              <a
                href="/blog/previous"
                rel="prev"
              >
                Previous
                 →
              </a>
            </li>
          </ul>
        </div>
      </div>
    </div>
  </section>
</main>
`;
