// Vitest Snapshot v1, https://vitest.dev/guide/snapshot.html

exports[`Business Benefits page > renders correctly 1`] = `
<main>
  <div
    class="relative pt-40 pb-16 md:pb-36 md:pt-60 overflow-hidden"
  >
    <div
      class="w-full relative"
    >
      <div
        class="absolute z-[-1] w-[2396px] h-[1340px] left-[23px] md:left-[112px] top-[21px] md:top-[171px] bg-[#410170] shadow-[0_0_400px_rgba(65,1,112,1)] rounded-full blur-[400px]"
      />
      <div
        class="absolute z-[-1] w-[1487px] h-[893px] left-[120px] md:left-[676px] top-[120px] md:top-[395px] bg-[#B62987] shadow-[0_0_400px_rgba(182,41,135,1)] rounded-full blur-[400px]"
      />
      <div
        class="absolute z-[-1] w-[688px] h-[446px] left-[400px] md:left-[1131px] top-[618px] bg-[#FE8492] shadow-[0_0_400px_rgba(254,132,146,1)] rounded-full blur-[400px]"
      />
    </div>
    <div
      class="mx-auto max-w-[1048px] w-full px-6 lg:px-0 flex flex-col items-center justify-center"
    >
      <div
        class="self-stretch flex-col justify-center items-center gap-6 flex"
      >
        <div
          class="self-stretch  flex-col justify-center items-center gap-4 flex"
        >
          <div
            class="justify-start items-center gap-3 inline-flex"
          >
            <svg
              fill="none"
              height="14"
              viewBox="0 0 14 14"
              width="14"
              xmlns="http://www.w3.org/2000/svg"
            >
              <rect
                fill="#FF1464"
                height="8"
                rx="2"
                width="8"
                x="3"
                y="3"
              />
              <rect
                height="11"
                rx="3.5"
                stroke="#FF1464"
                stroke-opacity="0.25"
                stroke-width="3"
                width="11"
                x="1.5"
                y="1.5"
              />
            </svg>
            <div
              class="text-rose-600 text-base font-bold leading-normal"
            >
              Business Benefits
            </div>
          </div>
          <div
            class="self-stretch text-center text-white   text-[56px] lg:text-[80px] leading-[114.286%] md:leading-[120%] font-semibold"
          >
            How Temurin can benefit your business
          </div>
        </div>
        <div
          class="self-stretch text-center text-lightgrey text-[20px] font-normal leading-[140%] undefined"
        >
          Eclipse Temurin offers high-performance, cross-platform, open-source Java runtime binaries that are enterprise-ready and Java SE TCK-tested for general use in the Java ecosystem.
        </div>
      </div>
    </div>
  </div>
  <section
    class="py-16 max-w-[1048px] w-full mx-auto flex justify-center lg:justify-between xl:px-0 px-6"
  >
    <div
      class="max-w-[400px] w-full hidden lg:block"
    >
      <img
        alt="scroll-divider"
        class="mb-0"
        src="/images/icons/experience.png"
      />
    </div>
    <div
      class="lg:max-w-[560px] w-full  "
    >
      <h2
        class="md:text-5xl text-[40px] font-normal leading-[48px] md:leading-[56px]"
      >
        More than 10 years' experience, and a focus firmly on your future
      </h2>
      <p
        class="md:mt-6 my-10 text-grey text-base leading-6 font-normal"
      >
        Feugiat ullamcorper justo dolor arcu ut porttitor ultrices rutrum. Eget molestie sit tellus viverra. Bibendum at ut eu feugiat tellus diam turpis. Massa posuere ornare dignissim orci consequat.
      </p>
      <a
        href="#"
      >
        <button
          class="bg-transparent mt-10 border-2 border-pink-500/0 text-white text-base leading-6 font-normal w-[150px] h-[48px] rounded-2xl gradient-border lg:block hidden"
        >
          Learn More
        </button>
         
      </a>
      <a
        href="#"
      >
        <button
          class="bg-transparent mt-10 border-2 border-pink-500/0 text-white text-base leading-6 font-normal w-[151px] h-[48px] rounded-2xl gradient-border block lg:hidden"
        >
          Learn More
        </button>
      </a>
    </div>
  </section>
  <section
    class="py-16 max-w-[1048px] w-full mx-auto lg:flex justify-center lg:justify-between xl:px-0 px-6 "
  >
    <div
      class="lg:max-w-[560px] w-full"
    >
      <h2
        class="md:text-5xl text-[40px] font-normal leading-[48px] md:leading-[56px]"
      >
        How other companies are using Temurin
      </h2>
      <p
        class="md:mt-6 my-10 text-grey text-base leading-6 font-normal"
      >
        How other companies are using Temurin Feugiat ullamcorper justo dolor arcu ut porttitor ultrices rutrum. Eget molestie sit tellus viverra. Bibendum at ut eu feugiat tellus diam turpis. Massa posuere ornare dignissim orci consequat.
      </p>
    </div>
    <div
      class="max-w-[400px] w-full hidden lg:block"
    >
      <img
        alt="scroll-divider"
        class="mb-0"
        src="/images/icons/experience.png"
      />
    </div>
    <div
      class="w-full lg:hidden block mt-10"
    >
      <div
        class="w-full "
      >
        <p
          class="p-4 rounded-2xl w-full bg-tones-white gap-y-4 text-base font-normal leading-6 text-white backdrop-blur-12"
        >
          Aliquam sollicitudin, augue eget gravida imperdiet
        </p>
      </div>
      <div
        class="w-full "
      >
        <p
          class="p-4 rounded-2xl w-full bg-tones-white gap-y-4 text-base font-normal leading-6 text-white backdrop-blur-12"
        >
          Eget molestie sit tellus viverra. Bibendum at ut eu feugiat tellus diam turpis.
        </p>
      </div>
      <div
        class="w-full "
      >
        <p
          class="p-4 rounded-2xl w-full bg-tones-white gap-y-4 text-base font-normal leading-6 text-white backdrop-blur-12"
        >
          Bibendum at ut eu feugiat tellus diam turpis.
        </p>
      </div>
      <div
        class="w-full "
      >
        <p
          class="p-4 rounded-2xl w-full bg-tones-white gap-y-4 text-base font-normal leading-6 text-white backdrop-blur-12"
        >
          Aliquam sollicitudin, augue eget gravida imperdiet, eros lorem euismod mi, ac commodo leo nulla eget.
        </p>
      </div>
    </div>
  </section>
  <section
    class="max-w-[1264px] md:px-0 px-6 w-full mx-auto flex flex-col items-center justify-center py-10"
  >
    <div
      class="max-w-[700px] mx-auto"
    >
      <h3
        class="text-[36px] sm:text-[42px] leading-[56px] text-center"
      >
        Eclipse Temurinâ„¢ Adopters
      </h3>
      <p
        class="text-[16px] leading-[24px] text-grey text-center mt-3"
      >
        Companies that use Eclipse Temurin in production.
      </p>
    </div>
    <div
      class="w-full flex flex-col items-center justify-center mt-3"
    >
      <div
        class="w-full flex flex-col items-center justify-center mt-3"
      >
        <button
          aria-hidden="true"
          style="position: fixed; top: 1px; left: 1px; width: 1px; height: 0px; padding: 0px; margin: -1px; overflow: hidden; clip: rect(0px, 0px, 0px, 0px); white-space: nowrap; border-width: 0px;"
          type="button"
        />
        <div>
          <div
            class="w-full flex justify-between"
            id="adopters"
          >
            <div
              class="w-full"
            >
              <div
                class="min-w-full overflow-auto"
              >
                <div
                  class="grid grid-cols-4 gap-4 md:gap-6 min-w-[850px] md:min-w-[1220px]"
                >
                  <a
                    href="https://mock.com"
                  >
                    <div
                      class="relative w-[200px] md:w-[296px] h-[86px] md:h-[112px] flex justify-center items-center bg-white rounded-3xl border border-white border-opacity-50 backdrop-blur-xl px-4 py-5"
                    >
                      <img
                        alt="mock_member"
                        class="w-5/6 max-h-5/6 m-0"
                        src="/images/mock_logo.png"
                      />
                    </div>
                  </a>
                </div>
              </div>
            </div>
          </div>
        </div>
      </div>
    </div>
  </section>
  <section
    class="bg-[#0E002A] overflow-x-hidden border-t border-[#3E3355]"
  >
    <div
      class="max-w-screen-xl px-4 py-8 mx-auto text-center lg:py-16 lg:px-6"
    >
      <figure
        class="max-w-screen-md mx-auto"
      >
        <svg
          class="h-12 mx-auto mb-3 text-pink text-pink-400"
          fill="none"
          viewBox="0 0 24 27"
          xmlns="http://www.w3.org/2000/svg"
        >
          <path
            d="M14.017 18L14.017 10.609C14.017 4.905 17.748 1.039 23 0L23.995 2.151C21.563 3.068 20 5.789 20 8H24V18H14.017ZM0 18V10.609C0 4.905 3.748 1.038 9 0L9.996 2.151C7.563 3.068 6 5.789 6 8H9.983L9.983 18L0 18Z"
            fill="currentColor"
          />
        </svg>
        <blockquote
          class="slide-in-right"
          style="min-height: 204px;"
        >
          <span
            class="md:text-[32px] text-[26px] leading-[34px] md:leading-10 font-semibold  text-white"
          >
            Lorem ipsum dolor sit amet, consectetur adipiscing elit, sed do eiusmod tempor incididunt ut labore et dolore magna aliqua. 
          </span>
        </blockquote>
        <figcaption
          class="flex items-center justify-center md:mt-6 mt-0 space-x-3"
        >
          <img
            alt="Joe Bloggs"
            class="w-6 h-6 mb-0 rounded-full"
            src="https://th.bing.com/th/id/OIP.sYE4E2Y8K4hHU21bS0zx2QHaH4?rs=1&pid=ImgDetMain"
          />
          <div
            class="flex items-center divide-x-2 divide-gray-500 dark:divide-gray-700"
          >
            <div
              class="pr-3 text-pink font-medium text-pink-900"
            >
              Joe Bloggs
            </div>
            <div
              class="pl-3 text-sm font-light text-gray-500 dark:text-gray-400"
            >
              CEO at GitHub
            </div>
          </div>
        </figcaption>
      </figure>
      <div
        class="flex justify-center items-center max-w-screen-md mx-auto"
      >
        <button
          aria-label="Previous Testimonial"
          class="arrow-button p-2"
        >
          <svg
            fill="currentColor"
            height="20"
            stroke="currentColor"
            stroke-width="1"
            viewBox="0 0 448 512"
            width="20"
            xmlns="http://www.w3.org/2000/svg"
          >
            <path
              d="M9.4 233.4c-12.5 12.5-12.5 32.8 0 45.3l160 160c12.5 12.5 32.8 12.5 45.3 0s12.5-32.8 0-45.3L109.2 288 416 288c17.7 0 32-14.3 32-32s-14.3-32-32-32l-306.7 0L214.6 118.6c12.5-12.5 12.5-32.8 0-45.3s-32.8-12.5-45.3 0l-160 160z"
            />
          </svg>
        </button>
        <button
          aria-label="Next Testimonial"
          class="arrow-button arrow-button-progress p-2"
        >
          <svg
            fill="currentColor"
            height="20"
            stroke="currentColor"
            stroke-width="1"
            viewBox="0 0 448 512"
            width="20"
            xmlns="http://www.w3.org/2000/svg"
          >
            <path
              d="M438.6 278.6c12.5-12.5 12.5-32.8 0-45.3l-160-160c-12.5-12.5-32.8-12.5-45.3 0s-12.5 32.8 0 45.3L338.8 224 32 224c-17.7 0-32 14.3-32 32s14.3 32 32 32l306.7 0L233.4 393.4c-12.5 12.5-12.5 32.8 0 45.3s32.8 12.5 45.3 0l160-160z"
            />
          </svg>
          <div
            class="progress-border"
          />
        </button>
      </div>
      <div
        class="max-w-[896px] mx-auto flex flex-wrap justify-center items-center mt-10 gap-6 md:space-x-16"
      >
        <button
          aria-label="GitHub Testimonial"
        >
          <svg
            class="hover:fill-white hover:opacity-100 duration-200 ease-in-out fill-[#4F405A] opacity-1 "
            fill="none"
            height="48"
            viewBox="0 0 140 48"
            width="140"
            xmlns="http://www.w3.org/2000/svg"
          >
            <g
              opacity="100"
            >
              <path
                clip-rule="evenodd"
                d="M20.43 5C10.7999 5 3 12.7999 3 22.43C3 30.1428 7.98934 36.6572 14.9178 38.9667C15.7893 39.1192 16.1161 38.5963 16.1161 38.1388C16.1161 37.7248 16.0943 36.3522 16.0943 34.8924C11.715 35.6986 10.582 33.8249 10.2334 32.8444C10.0374 32.3433 9.18765 30.7964 8.44687 30.3824C7.83682 30.0556 6.96532 29.2495 8.42509 29.2277C9.7977 29.2059 10.7781 30.4914 11.1049 31.0143C12.6736 33.6506 15.1792 32.9098 16.1814 32.4522C16.3339 31.3193 16.7915 30.5567 17.2926 30.121C13.4144 29.6852 9.36195 28.1819 9.36195 21.5149C9.36195 19.6194 10.0374 18.0507 11.1485 16.8306C10.9742 16.3949 10.3642 14.6083 11.3228 12.2117C11.3228 12.2117 12.7826 11.7541 16.1161 13.9982C17.5105 13.6061 18.992 13.41 20.4736 13.41C21.9551 13.41 23.4367 13.6061 24.8311 13.9982C28.1646 11.7323 29.6243 12.2117 29.6243 12.2117C30.583 14.6083 29.9729 16.3949 29.7986 16.8306C30.9098 18.0507 31.5852 19.5976 31.5852 21.5149C31.5852 28.2037 27.5109 29.6852 23.6328 30.121C24.2646 30.6657 24.8093 31.7115 24.8093 33.3455C24.8093 35.6768 24.7875 37.5505 24.7875 38.1388C24.7875 38.5963 25.1143 39.141 25.9858 38.9667C29.446 37.7986 32.4527 35.5748 34.5828 32.6083C36.7129 29.6418 37.8591 26.082 37.86 22.43C37.86 12.7999 30.0601 5 20.43 5Z"
                fill="white"
                fill-rule="evenodd"
              />
              <path
                d="M84.2557 30.843H84.2151C84.2334 30.843 84.2456 30.8633 84.2639 30.8654H84.2761L84.2557 30.845V30.843ZM84.2639 30.8654C84.0748 30.8674 83.5989 30.9671 83.0966 30.9671C81.5105 30.9671 80.9615 30.235 80.9615 29.2793V22.9124H84.1947C84.3777 22.9124 84.5201 22.7497 84.5201 22.526V19.0691C84.5201 18.886 84.3574 18.7234 84.1947 18.7234H80.9615V14.4327C80.9615 14.27 80.8598 14.1683 80.6768 14.1683H76.2844C76.1014 14.1683 75.9997 14.27 75.9997 14.4327V18.8454C75.9997 18.8454 73.7832 19.3944 73.6409 19.4147C73.4782 19.4554 73.3765 19.5978 73.3765 19.7604V22.526C73.3765 22.7497 73.5392 22.9124 73.7222 22.9124H75.9794V29.5822C75.9794 34.544 79.4363 35.0524 81.7952 35.0524C82.873 35.0524 84.1744 34.7067 84.3777 34.605C84.4998 34.5643 84.5608 34.422 84.5608 34.2796V31.2294C84.5636 31.1429 84.5351 31.0582 84.4806 30.991C84.426 30.9238 84.3491 30.8785 84.2639 30.8633V30.8654ZM132.45 26.3897C132.45 22.709 130.965 22.221 129.399 22.3837C128.179 22.465 127.203 23.075 127.203 23.075V30.233C127.203 30.233 128.2 30.9244 129.684 30.965C131.779 31.026 132.45 30.2736 132.45 26.3897ZM137.391 26.0643C137.391 33.0392 135.134 35.032 131.189 35.032C127.854 35.032 126.064 33.3442 126.064 33.3442C126.064 33.3442 125.983 34.2796 125.881 34.4016C125.82 34.5236 125.719 34.5643 125.597 34.5643H122.587C122.384 34.5643 122.201 34.4016 122.201 34.2186L122.242 11.6264C122.242 11.4434 122.404 11.2808 122.587 11.2808H126.919C127.102 11.2808 127.264 11.4434 127.264 11.6264V19.2927C127.264 19.2927 128.932 18.215 131.372 18.215L131.352 18.1743C133.792 18.1743 137.391 19.0894 137.391 26.0643ZM119.659 18.7234H115.389C115.165 18.7234 115.043 18.886 115.043 19.1097V30.172C115.043 30.172 113.924 30.965 112.399 30.965C110.874 30.965 110.427 30.2736 110.427 28.7485V19.0894C110.427 18.9064 110.264 18.7437 110.081 18.7437H105.729C105.546 18.7437 105.384 18.9064 105.384 19.0894V29.4806C105.384 33.9543 107.885 35.0727 111.322 35.0727C114.148 35.0727 116.446 33.5069 116.446 33.5069C116.446 33.5069 116.548 34.3 116.609 34.422C116.649 34.5236 116.792 34.605 116.934 34.605H119.659C119.883 34.605 120.005 34.4423 120.005 34.2593L120.045 19.0691C120.045 18.886 119.883 18.7234 119.659 18.7234ZM71.465 18.703H67.1337C66.9507 18.703 66.788 18.886 66.788 19.1097V34.0356C66.788 34.4423 67.0523 34.5847 67.398 34.5847H71.3023C71.709 34.5847 71.8107 34.4016 71.8107 34.0356V19.0487C71.8107 18.8657 71.648 18.703 71.465 18.703ZM69.3298 11.8298C67.7641 11.8298 66.5236 13.0702 66.5236 14.636C66.5236 16.2018 67.7641 17.4423 69.3298 17.4423C70.855 17.4423 72.0954 16.2018 72.0954 14.636C72.0954 13.0702 70.855 11.8298 69.3298 11.8298ZM102.862 11.3214H98.5716C98.3886 11.3214 98.2259 11.4841 98.2259 11.6671V19.9841H91.495V11.6671C91.495 11.4841 91.3323 11.3214 91.1493 11.3214H86.818C86.6349 11.3214 86.4723 11.4841 86.4723 11.6671V34.2593C86.4723 34.4423 86.6553 34.605 86.818 34.605H91.1493C91.3323 34.605 91.495 34.4423 91.495 34.2593V24.6002H98.2259L98.1852 34.2593C98.1852 34.4423 98.3479 34.605 98.5309 34.605H102.862C103.045 34.605 103.208 34.4423 103.208 34.2593V11.6671C103.208 11.4841 103.045 11.3214 102.862 11.3214ZM64.4901 21.3262V32.9985C64.4901 33.0799 64.4698 33.2222 64.3681 33.2629C64.3681 33.2629 61.8262 35.0727 57.6372 35.0727C52.5738 35.0727 46.575 33.4866 46.575 23.0344C46.575 12.5822 51.8214 10.4267 56.9458 10.447C61.3789 10.447 63.1683 11.4434 63.453 11.6264C63.5344 11.7281 63.575 11.8095 63.575 11.9111L62.721 15.5308C62.721 15.7138 62.538 15.9375 62.3143 15.8765C61.5822 15.6528 60.4841 15.2054 57.9016 15.2054C54.9123 15.2054 51.6994 16.0595 51.6994 22.7904C51.6994 29.5212 54.7497 30.3143 56.9458 30.3143C58.8167 30.3143 59.4877 30.0906 59.4877 30.0906V25.4136H56.4985C56.2748 25.4136 56.1121 25.2509 56.1121 25.0679V21.3262C56.1121 21.1432 56.2748 20.9805 56.4985 20.9805H64.1038C64.3274 20.9805 64.4901 21.1432 64.4901 21.3262Z"
                fill="white"
              />
            </g>
          </svg>
        </button>
        <button
          aria-label="Aana Testimonial"
        >
          <svg
            class="hover:fill-white hover:opacity-100 duration-200 ease-in-out fill-[#4F405A] opacity-[0.25] "
            fill="none"
            height="48"
            viewBox="0 0 140 48"
            width="140"
            xmlns="http://www.w3.org/2000/svg"
          >
            <path
              clip-rule="evenodd"
              d="M128.957 31.9803C129.033 32.8499 129.728 33.9567 130.934 33.9567H131.638C131.912 33.9567 132.136 33.7327 132.136 33.4592V17.9535H132.133C132.119 17.6922 131.903 17.483 131.638 17.483H129.454C129.19 17.483 128.974 17.6922 128.96 17.9535H128.957V19.2134C127.618 17.5635 125.508 16.8787 123.392 16.8787C118.581 16.8787 114.682 20.7811 114.682 25.5953C114.682 30.4099 118.581 34.3124 123.392 34.3124C125.508 34.3124 127.815 33.4911 128.957 31.9784V31.9803ZM123.4 31.2617C120.341 31.2617 117.861 28.725 117.861 25.5953C117.861 22.4663 120.341 19.9295 123.4 19.9295C126.46 19.9295 128.94 22.4663 128.94 25.5953C128.94 28.725 126.46 31.2617 123.4 31.2617Z"
              fill="white"
              fill-rule="evenodd"
            />
            <path
              clip-rule="evenodd"
              d="M111.919 24.49C111.919 19.9672 109.068 16.916 104.522 16.916C102.352 16.916 100.573 18.172 99.9441 19.2509C99.8083 18.4073 99.3608 17.5205 97.973 17.5205H97.2656C96.992 17.5205 96.7686 17.7447 96.7686 18.0182V32.0191C96.7686 32.0196 96.7686 32.0206 96.7686 32.0213V33.5252H96.7713C96.7856 33.786 97.0016 33.9955 97.2658 33.9955H99.4505C99.4839 33.9955 99.5167 33.9915 99.5484 33.9854C99.5629 33.9825 99.5763 33.9768 99.5904 33.9729C99.6066 33.9679 99.6236 33.964 99.639 33.9576C99.6584 33.9496 99.6761 33.9388 99.6941 33.9287C99.703 33.9232 99.7123 33.9194 99.7208 33.9138C99.7426 33.8997 99.7626 33.8827 99.782 33.8655C99.7851 33.8623 99.7889 33.8601 99.7921 33.8572C99.8138 33.8362 99.8337 33.813 99.8512 33.7889C99.9058 33.7138 99.9392 33.6229 99.9447 33.5252H99.9475V24.3656C99.9475 21.9365 101.915 19.9672 104.343 19.9672C106.77 19.9672 108.738 21.9365 108.738 24.3656L108.74 32.0218L108.74 32.0191C108.74 32.0259 108.742 32.0329 108.742 32.0401V33.5252H108.744C108.759 33.786 108.975 33.9955 109.239 33.9955H111.424C111.457 33.9955 111.49 33.9915 111.521 33.9854C111.534 33.983 111.546 33.9777 111.559 33.9742C111.577 33.969 111.595 33.9646 111.612 33.9576C111.63 33.9502 111.647 33.9399 111.663 33.9304C111.674 33.9246 111.685 33.9204 111.694 33.9138C111.715 33.9005 111.733 33.8844 111.751 33.8687C111.756 33.8643 111.761 33.8612 111.765 33.8568C111.786 33.8368 111.805 33.8152 111.821 33.7926C111.823 33.7909 111.824 33.7896 111.825 33.7879C111.879 33.7134 111.912 33.6235 111.918 33.5265C111.918 33.5258 111.918 33.5252 111.918 33.5252H111.921L111.919 24.49Z"
              fill="white"
              fill-rule="evenodd"
            />
            <path
              clip-rule="evenodd"
              d="M89.1678 31.9803C89.2442 32.8498 89.9398 33.9566 91.1448 33.9566H91.8498C92.1231 33.9566 92.3468 33.7327 92.3468 33.4591V17.9535H92.344C92.3298 17.6922 92.1136 17.483 91.8498 17.483H89.6651C89.4009 17.483 89.1851 17.6922 89.1703 17.9535H89.1678V19.2134C87.8292 17.5635 85.7189 16.8787 83.6026 16.8787C78.7924 16.8787 74.8931 20.7811 74.8931 25.5954C74.8931 30.4098 78.7924 34.3124 83.6026 34.3124C85.7189 34.3124 88.0252 33.4912 89.1676 31.9783L89.1678 31.9803ZM83.6111 31.2616C80.552 31.2616 78.0718 28.725 78.0718 25.5954C78.0718 22.4663 80.552 19.9295 83.6111 19.9295C86.6706 19.9295 89.1503 22.4663 89.1503 25.5954C89.1503 28.725 86.6706 31.2616 83.6111 31.2616Z"
              fill="white"
              fill-rule="evenodd"
            />
            <path
              clip-rule="evenodd"
              d="M61.9739 29.7596C63.4323 30.7707 65.0242 31.2618 66.554 31.2618C68.0114 31.2618 69.5181 30.5057 69.5181 29.1896C69.5181 27.4325 66.235 27.1591 64.1723 26.4575C62.1091 25.7559 60.3322 24.3055 60.3322 21.9568C60.3322 18.3628 63.5321 16.8784 66.5187 16.8784C68.4109 16.8784 70.3633 17.5029 71.6291 18.3975C72.065 18.728 71.7996 19.1075 71.7996 19.1075L70.5913 20.8346C70.4555 21.0291 70.218 21.1972 69.8772 20.9866C69.5363 20.7762 68.3407 19.9293 66.5187 19.9293C64.6964 19.9293 63.5988 20.7715 63.5988 21.8153C63.5988 23.067 65.0254 23.4607 66.6963 23.8874C69.6082 24.6729 72.7847 25.6171 72.7847 29.1896C72.7847 32.3561 69.825 34.3131 66.554 34.3131C64.0752 34.3131 61.9648 33.6059 60.1948 32.306C59.826 31.9367 60.0835 31.5938 60.0835 31.5938L61.2859 29.8755C61.5306 29.5542 61.839 29.6663 61.9739 29.7596Z"
              fill="white"
              fill-rule="evenodd"
            />
            <path
              clip-rule="evenodd"
              d="M53.5752 31.9803C53.6515 32.8498 54.3471 33.9566 55.552 33.9566H56.2571C56.5304 33.9566 56.7544 33.7327 56.7544 33.4591V17.9535H56.7513C56.737 17.6922 56.5212 17.483 56.2571 17.483H54.0725C53.8083 17.483 53.5925 17.6922 53.5778 17.9535H53.5752V19.2134C52.2367 17.5635 50.1263 16.8787 48.0101 16.8787C43.1998 16.8787 39.3003 20.7811 39.3003 25.5954C39.3003 30.4098 43.1998 34.3124 48.0101 34.3124C50.1263 34.3124 52.4326 33.4912 53.5748 31.9783L53.5752 31.9803ZM48.0186 31.2616C44.9593 31.2616 42.4792 28.725 42.4792 25.5954C42.4792 22.4663 44.9593 19.9295 48.0186 19.9295C51.0778 19.9295 53.5577 22.4663 53.5577 25.5954C53.5577 28.725 51.0778 31.2616 48.0186 31.2616Z"
              fill="white"
              fill-rule="evenodd"
            />
            <path
              clip-rule="evenodd"
              d="M27.0895 26.1881C23.8525 26.1881 21.2282 28.8123 21.2282 32.0497C21.2282 35.2868 23.8525 37.911 27.0895 37.911C30.3267 37.911 32.9509 35.2868 32.9509 32.0497C32.9509 28.8123 30.3267 26.1881 27.0895 26.1881ZM11.8613 26.1886C8.62424 26.1886 6 28.8123 6 32.0497C6 35.2868 8.62424 37.911 11.8613 37.911C15.0986 37.911 17.723 35.2868 17.723 32.0497C17.723 28.8123 15.0986 26.1886 11.8613 26.1886ZM25.3367 18.8612C25.3367 22.0986 22.7126 24.7231 19.4755 24.7231C16.2382 24.7231 13.6141 22.0986 13.6141 18.8612C13.6141 15.6245 16.2382 13 19.4755 13C22.7126 13 25.3367 15.6245 25.3367 18.8612Z"
              fill="white"
              fill-rule="evenodd"
            />
          </svg>
        </button>
        <button
          aria-label="Google Testimonial"
        >
          <svg
            class="hover:fill-white hover:opacity-100 duration-200 ease-in-out fill-[#4F405A] opacity-[0.25] "
            fill="none"
            height="48"
            viewBox="0 0 140 48"
            width="140"
            xmlns="http://www.w3.org/2000/svg"
          >
            <g
              opacity="100"
            >
              <path
                d="M61.2376 25.6501C61.2376 30.9734 57.0732 34.896 51.9626 34.896C46.852 34.896 42.6876 30.9734 42.6876 25.6501C42.6876 20.2894 46.852 16.4043 51.9626 16.4043C57.0732 16.4043 61.2376 20.2894 61.2376 25.6501ZM57.1775 25.6501C57.1775 22.3236 54.7639 20.0476 51.9626 20.0476C49.1613 20.0476 46.7477 22.3236 46.7477 25.6501C46.7477 28.9433 49.1613 31.2527 51.9626 31.2527C54.7639 31.2527 57.1775 28.9391 57.1775 25.6501Z"
                fill="white"
              />
              <path
                d="M81.2468 25.6501C81.2468 30.9734 77.0824 34.896 71.9718 34.896C66.8612 34.896 62.6968 30.9734 62.6968 25.6501C62.6968 20.2936 66.8612 16.4043 71.9718 16.4043C77.0824 16.4043 81.2468 20.2894 81.2468 25.6501ZM77.1867 25.6501C77.1867 22.3236 74.7731 20.0476 71.9718 20.0476C69.1705 20.0476 66.7569 22.3236 66.7569 25.6501C66.7569 28.9433 69.1705 31.2527 71.9718 31.2527C74.7731 31.2527 77.1867 28.9391 77.1867 25.6501Z"
                fill="white"
              />
              <path
                d="M100.422 16.9629V33.562C100.422 40.3901 96.3956 43.1789 91.6351 43.1789C87.1539 43.1789 84.4569 40.1817 83.4398 37.7306L86.9747 36.2591C87.6041 37.7639 89.1465 39.5397 91.631 39.5397C94.6782 39.5397 96.5665 37.6597 96.5665 34.1206V32.7909H96.4248C95.516 33.9122 93.7652 34.8918 91.5559 34.8918C86.933 34.8918 82.6978 30.865 82.6978 25.6835C82.6978 20.4645 86.933 16.4043 91.5559 16.4043C93.7611 16.4043 95.5119 17.3839 96.4248 18.4719H96.5665V16.9671H100.422V16.9629ZM96.8541 25.6835C96.8541 22.4278 94.6823 20.0476 91.9186 20.0476C89.1173 20.0476 86.7704 22.4278 86.7704 25.6835C86.7704 28.9058 89.1173 31.2527 91.9186 31.2527C94.6823 31.2527 96.8541 28.9058 96.8541 25.6835Z"
                fill="white"
              />
              <path
                d="M106.779 7.23364V34.3292H102.819V7.23364H106.779Z"
                fill="white"
              />
              <path
                d="M122.211 28.6932L125.363 30.7941C124.346 32.299 121.895 34.8918 117.659 34.8918C112.407 34.8918 108.484 30.8317 108.484 25.646C108.484 20.1477 112.44 16.4001 117.205 16.4001C122.003 16.4001 124.35 20.2185 125.117 22.282L125.538 23.3324L113.178 28.4514C114.124 30.3064 115.596 31.2527 117.659 31.2527C119.727 31.2527 121.161 30.2356 122.211 28.6932ZM112.511 25.3667L120.773 21.936C120.319 20.7813 118.952 19.9768 117.343 19.9768C115.279 19.9768 112.407 21.7984 112.511 25.3667Z"
                fill="white"
              />
              <path
                d="M27.6975 23.2447V19.3221H40.9159C41.0451 20.0058 41.1118 20.8145 41.1118 21.6899C41.1118 24.6329 40.3073 28.272 37.7145 30.8648C35.1925 33.491 31.9702 34.8917 27.7016 34.8917C19.7897 34.8917 13.1367 28.4471 13.1367 20.5352C13.1367 12.6233 19.7897 6.17871 27.7016 6.17871C32.0786 6.17871 35.1967 7.89615 37.5394 10.1347L34.7715 12.9026C33.0916 11.3269 30.8155 10.1013 27.6975 10.1013C21.9198 10.1013 17.4011 14.7576 17.4011 20.5352C17.4011 26.3128 21.9198 30.9691 27.6975 30.9691C31.445 30.9691 33.5793 29.4642 34.9466 28.0969C36.0554 26.9881 36.7849 25.4041 37.0725 23.2406L27.6975 23.2447Z"
                fill="white"
              />
            </g>
          </svg>
        </button>
        <button
          aria-label="Slack Testimonial"
        >
          <svg
            class="hover:fill-white hover:opacity-100 duration-200 ease-in-out fill-[#4F405A] opacity-[0.25] "
            fill="none"
            height="48"
            viewBox="0 0 140 48"
            width="140"
            xmlns="http://www.w3.org/2000/svg"
          >
            <g
              opacity="100"
            >
              <path
                d="M46.9251 32.4263L48.3932 28.9949C50.0006 30.1853 52.0973 30.8154 54.1945 30.8154C55.7323 30.8154 56.7107 30.2204 56.7107 29.3101C56.6756 26.7889 47.4494 28.7498 47.3792 22.4112C47.3441 19.1897 50.2102 16.7036 54.2646 16.7036C56.6756 16.7036 59.0875 17.2991 60.7997 18.6649L59.4279 22.1696C57.8525 21.1566 55.9067 20.4503 54.0546 20.4503C52.7965 20.4503 51.9575 21.0453 51.9575 21.8162C51.9925 24.3023 61.2895 22.9364 61.3942 28.9949C61.3942 32.2865 58.5978 34.5977 54.6135 34.5977C51.6783 34.5977 48.9871 33.8975 46.9246 32.4263H46.9251ZM105.383 27.7523C105.013 28.4108 104.473 28.9588 103.821 29.3402C103.169 29.7216 102.427 29.9226 101.671 29.9227C99.3167 29.9227 97.4079 28.0099 97.4079 25.6506C97.4079 23.2913 99.3167 21.3786 101.671 21.3786C102.427 21.3787 103.169 21.5797 103.821 21.9611C104.473 22.3425 105.013 22.8905 105.383 23.549L109.465 21.2834C107.936 18.5511 105.02 16.7036 101.671 16.7036C96.7398 16.7036 92.742 20.709 92.742 25.6506C92.742 30.5918 96.7398 34.5977 101.671 34.5977C105.02 34.5977 107.936 32.7501 109.465 30.0179L105.383 27.7523ZM64.0427 34.2473H69.1453V9.25574H64.0432L64.0427 34.2473ZM112.042 9.25574V34.2473H117.144V26.7599L123.19 34.2473H129.713L122.024 25.3524L129.153 17.0524H122.911L117.144 23.953V9.25574H112.042ZM84.8655 17.0535V19.085C84.027 17.684 81.9649 16.7036 79.7981 16.7036C75.3245 16.7036 71.7948 20.6608 71.7948 25.6331C71.7948 30.6053 75.3245 34.5977 79.7981 34.5977C81.9649 34.5977 84.027 33.6173 84.8655 32.2163V34.2473H89.9681V17.0535H84.8655ZM84.8655 27.7869C84.1317 29.0124 82.5939 29.9222 80.8817 29.9222C78.5264 29.9222 76.6177 28.0099 76.6177 25.6506C76.6177 23.2913 78.5264 21.3786 80.8817 21.3786C82.5939 21.3786 84.1317 22.3239 84.8655 23.584V27.7869Z"
                fill="white"
              />
              <path
                d="M19.9783 8.70361C18.3247 8.70361 16.9844 10.0469 16.9844 11.7035C16.984 12.0971 17.0611 12.4868 17.2114 12.8506C17.3616 13.2143 17.582 13.5449 17.8601 13.8235C18.1381 14.1021 18.4682 14.3231 18.8317 14.4741C19.1951 14.6251 19.5847 14.703 19.9783 14.7034H22.9727V11.7035C22.9733 10.9086 22.6582 10.1461 22.0967 9.58348C21.5352 9.0209 20.7732 8.70441 19.9783 8.70361ZM19.9783 16.7033H11.9941C10.3405 16.7033 9.00024 18.0466 9.00024 19.7037C9.00024 21.3603 10.3405 22.7036 11.9941 22.7036H19.9788C21.6319 22.7036 22.9727 21.3603 22.9727 19.7037C22.9727 18.0466 21.6319 16.7033 19.9783 16.7033Z"
                fill="white"
              />
              <path
                d="M38.9411 19.7037C38.9411 18.0466 37.6003 16.7033 35.9467 16.7033C34.2932 16.7033 32.9529 18.0466 32.9529 19.7037V22.7036H35.9467C36.7416 22.7028 37.5036 22.3863 38.0652 21.8237C38.6267 21.2612 38.9418 20.4986 38.9411 19.7037ZM30.9569 19.7037V11.7035C30.9576 10.9086 30.6425 10.1461 30.081 9.58348C29.5194 9.0209 28.7574 8.70441 27.9626 8.70361C26.309 8.70361 24.9687 10.0469 24.9687 11.7035V19.7032C24.9687 21.3608 26.309 22.7041 27.9626 22.7041C28.7574 22.7033 29.5194 22.3868 30.081 21.8242C30.6425 21.2617 30.9576 20.4991 30.9569 19.7042"
                fill="white"
              />
              <path
                d="M27.9626 38.7036C28.7575 38.7028 29.5195 38.3863 30.081 37.8237C30.6426 37.2612 30.9577 36.4986 30.957 35.7037C30.9577 34.9088 30.6426 34.1463 30.081 33.5837C29.5195 33.0211 28.7575 32.7046 27.9626 32.7038H24.9688V35.7037C24.9688 37.3603 26.3091 38.7036 27.9626 38.7036ZM27.9626 30.7039H35.9473C37.6004 30.7039 38.9412 29.3606 38.9412 27.7035C38.9418 26.9086 38.6268 26.1461 38.0652 25.5835C37.5037 25.0209 36.7417 24.7044 35.9468 24.7036H27.9626C26.3091 24.7036 24.9688 26.0469 24.9688 27.7035C24.9684 28.0971 25.0455 28.4868 25.1957 28.8506C25.346 29.2143 25.5664 29.5449 25.8444 29.8235C26.1224 30.1021 26.4526 30.3231 26.816 30.4741C27.1794 30.6251 27.5691 30.703 27.9626 30.7034"
                fill="white"
              />
              <path
                d="M9 27.7035C8.99961 28.0971 9.07673 28.4868 9.22697 28.8506C9.37722 29.2143 9.59763 29.5449 9.87564 29.8235C10.1536 30.1021 10.4838 30.3231 10.8472 30.4741C11.2107 30.6251 11.6003 30.703 11.9939 30.7034C12.7887 30.7026 13.5508 30.3861 14.1123 29.8235C14.6738 29.261 14.9889 28.4984 14.9883 27.7035V24.7036H11.9939C10.3403 24.7036 9 26.0469 9 27.7035ZM16.9842 27.7035V35.7032C16.9842 37.3603 18.3245 38.7036 19.9781 38.7036C20.7729 38.7028 21.5349 38.3863 22.0965 37.8237C22.658 37.2612 22.9731 36.4986 22.9724 35.7037V27.7035C22.9728 27.3099 22.8957 26.9201 22.7454 26.5563C22.5951 26.1925 22.3747 25.8619 22.0966 25.5833C21.8186 25.3048 21.4883 25.0837 21.1248 24.9327C20.7613 24.7818 20.3716 24.7039 19.9781 24.7036C18.3245 24.7036 16.9842 26.0469 16.9842 27.7035Z"
                fill="white"
              />
            </g>
          </svg>
        </button>
      </div>
    </div>
  </section>
  <section
    class="py-16 max-w-[1048px] w-full mx-auto flex justify-center lg:justify-between xl:px-0 px-6"
  >
    <div
      class="max-w-[400px] w-full hidden lg:block"
    >
      <img
        alt="scroll-divider"
        class="mb-0"
        src="/images/icons/experience.png"
      />
    </div>
    <div
      class="lg:max-w-[560px] w-full  "
    >
      <h2
        class="md:text-5xl text-[40px] font-normal leading-[48px] md:leading-[56px]"
      >
        Need support with Temurin?
      </h2>
      <p
        class="md:mt-6 my-10 text-grey text-base leading-6 font-normal"
      >
        Feugiat ullamcorper justo dolor arcu ut porttitor ultrices rutrum. Eget molestie sit tellus viverra. Bibendum at ut eu feugiat tellus diam turpis. Massa posuere ornare dignissim orci consequat.
      </p>
      <a
        href="/support"
      >
        <button
          class="bg-transparent mt-10 border-2 border-pink-500/0 text-white text-base leading-6 font-normal w-[150px] h-[48px] rounded-2xl gradient-border lg:block hidden"
        >
          Get Support
        </button>
         
      </a>
      <a
        href="/support"
      >
        <button
          class="bg-transparent mt-10 border-2 border-pink-500/0 text-white text-base leading-6 font-normal w-[151px] h-[48px] rounded-2xl gradient-border block lg:hidden"
        >
          Get Support
        </button>
      </a>
    </div>
  </section>
  <section
    class="relative  xl:px-0 px-6 md:py-32 py-16 undefined"
  >
    <img
      alt="gradient overlay"
      class="hidden md:block absolute bg-center top-0 left-0  right-0 w-full h-full z-[-10]"
      src="/images/gradient-overlay.png"
    />
    <img
      alt="gradient overlay mobile"
      class="block md:hidden absolute bg-center top-0 left-0  right-0 w-full h-full z-[-10]"
      src="/images/gradient-overlay-mobile.png"
    />
    <div
      class="max-w-[832px] w-full mx-auto md:py-0 py-8 flex justify-center items-center flex-col text-center md:bg-transparent bg-tones-white rounded-3xl md:backdrop-blur-0 backdrop-blur-12 "
    >
      <img
        aria-label="message icon"
        class="!mb-0"
        src="/images/icons/message.svg"
      />
      <p
        class="text-white text-4xl md:text-5xl leading-[122.222%] md:leading-[116.667%] font-normal mt-8"
      >
        Contact us about how Temurin can help your business
      </p>
      <span
        class=" text-lightgrey tab-button-text"
      >
        Eclipse Temurin offers high-performance, cross-platform, open-source Java runtime binaries that are enterprise-ready and Java SE TCK-tested for general use in the Java ecosystem.
      </span>
      <button
        class="bg-transparent mt-10 border-2 border-pink-500/0 text-white text-base leading-6 font-normal w-[146px] h-[48px] rounded-[80px] gradient-border lg:block hidden"
      >
        Contact Us
      </button>
    </div>
  </section>
</main>
`;
