// Vitest Snapshot v1, https://vitest.dev/guide/snapshot.html

exports[`Marketplace page > renders correctly 1`] = `
<main>
  <div
    class="relative pt-40 pb-16 md:pb-36 md:pt-60 overflow-hidden"
  >
    <div
      class="w-full relative"
    >
      <div
        class="absolute z-[-1] w-[2396px] h-[1340px] left-[23px] md:left-[112px] top-[21px] md:top-[171px] bg-[#410170] shadow-[0_0_400px_rgba(65,1,112,1)] rounded-full blur-[400px]"
      />
      <div
        class="absolute z-[-1] w-[1487px] h-[893px] left-[120px] md:left-[676px] top-[120px] md:top-[395px] bg-[#B62987] shadow-[0_0_400px_rgba(182,41,135,1)] rounded-full blur-[400px]"
      />
      <div
        class="absolute z-[-1] w-[688px] h-[446px] left-[400px] md:left-[1131px] top-[618px] bg-[#FE8492] shadow-[0_0_400px_rgba(254,132,146,1)] rounded-full blur-[400px]"
      />
    </div>
    <div
      class="mx-auto max-w-[1048px] w-full px-6 lg:px-0 flex flex-col items-center justify-center"
    >
      <div
        class="self-stretch flex-col justify-center items-center gap-6 flex"
      >
        <div
          class="self-stretch  flex-col justify-center items-center gap-4 flex"
        >
          <div
            class="justify-start items-center gap-3 inline-flex"
          >
            <svg
              fill="none"
              height="14"
              viewBox="0 0 14 14"
              width="14"
              xmlns="http://www.w3.org/2000/svg"
            >
              <rect
                fill="#FF1464"
                height="8"
                rx="2"
                width="8"
                x="3"
                y="3"
              />
              <rect
                height="11"
                rx="3.5"
                stroke="#FF1464"
                stroke-opacity="0.25"
                stroke-width="3"
                width="11"
                x="1.5"
                y="1.5"
              />
            </svg>
            <div
              class="text-rose-600 text-base font-bold leading-normal"
            >
              Marketplace
            </div>
          </div>
          <div
            class="self-stretch text-center text-white   text-[56px] lg:text-[80px] leading-[114.286%] md:leading-[120%] font-semibold"
          >
            Adoptium® Marketplace
          </div>
        </div>
        <div
          class="self-stretch text-center text-lightgrey text-[20px] font-normal leading-[140%] undefined"
        >
          Java™ is the world's leading programming language and platform. The Adoptium Marketplace promotes high-quality, TCK certified and AQAvit verified runtimes for use across the Java ecosystem.
        </div>
      </div>
    </div>
  </div>
  <div
    class="max-w-[1264px] mx-auto px-6 pb-20"
  >
    <div>
       
      <div
        class="my-[50px]"
      >
        <div
          class="max-w-[1264px] mx-auto w-full"
        >
          <button
            class="sm:hidden flex justify-between items-center w-full text-[16px] font-normal leading-[24px] px-4 py-3 rounded-[80px] border-[2px] border-[#3E3355]"
          >
            Filter
            <span>
              <svg
                fill="none"
                height="20"
                viewBox="0 0 20 20"
                width="20"
                xmlns="http://www.w3.org/2000/svg"
              >
                <path
                  d="M10 4.16699V15.8337"
                  stroke="white"
                  stroke-linecap="round"
                  stroke-linejoin="round"
                  stroke-width="1.5"
                />
                <path
                  d="M4.16602 10H15.8327"
                  stroke="white"
                  stroke-linecap="round"
                  stroke-linejoin="round"
                  stroke-width="1.5"
                />
              </svg>
            </span>
          </button>
          <div
            class="w-full lg:overflow-visible overflow-auto hidden sm:block"
          >
            <div
              class="flex items-center gap-5 justify-between flex-nowrap min-w-[1039px]"
            >
              <div
                class="flex flex-col gap-4 w-full"
              >
                <h3
                  class="text-[16px] font-normal leading-[24px] text-grey"
                >
                  Operating System
                </h3>
                <div
                  class="relative mt-1"
                >
                  <button
                    aria-expanded="false"
                    aria-haspopup="listbox"
                    class="relative w-full flex items-center justify-between  rounded-[80px] border-[2px] bg-transparent py-3 pl-8 pr-4 border-[#3E3355]"
                    data-headlessui-state=""
                    id="headlessui-listbox-button-:r0:"
                    type="button"
                  >
                    <span
                      class="flex items-center justify-between text-nowrap"
                    >
                      windows
                    </span>
                    <span>
                      <svg
                        fill="currentColor"
                        height="1em"
                        stroke="currentColor"
                        stroke-width="0"
                        viewBox="0 0 448 512"
                        width="1em"
                        xmlns="http://www.w3.org/2000/svg"
                      >
                        <path
                          d="M207.029 381.476L12.686 187.132c-9.373-9.373-9.373-24.569 0-33.941l22.667-22.667c9.357-9.357 24.522-9.375 33.901-.04L224 284.505l154.745-154.021c9.379-9.335 24.544-9.317 33.901.04l22.667 22.667c9.373 9.373 9.373 24.569 0 33.941L240.971 381.476c-9.373 9.372-24.569 9.372-33.942 0z"
                        />
                      </svg>
                    </span>
                  </button>
                </div>
              </div>
              <div
                class="flex flex-col gap-4 w-full"
              >
                <h3
                  class="text-[16px] font-normal leading-[24px] text-grey"
                >
                  Architecture
                </h3>
                <div
                  class="relative mt-1"
                >
                  <button
                    aria-expanded="false"
                    aria-haspopup="listbox"
                    class="relative w-full flex items-center justify-between  rounded-[80px] border-[2px] bg-transparent py-3 pl-8 pr-4 border-[#3E3355]"
                    data-headlessui-state=""
                    id="headlessui-listbox-button-:r1:"
                    type="button"
                  >
                    <span
                      class="flex items-center justify-between text-nowrap"
                    >
                      x64
                    </span>
                    <span>
                      <svg
                        fill="currentColor"
                        height="1em"
                        stroke="currentColor"
                        stroke-width="0"
                        viewBox="0 0 448 512"
                        width="1em"
                        xmlns="http://www.w3.org/2000/svg"
                      >
                        <path
                          d="M207.029 381.476L12.686 187.132c-9.373-9.373-9.373-24.569 0-33.941l22.667-22.667c9.357-9.357 24.522-9.375 33.901-.04L224 284.505l154.745-154.021c9.379-9.335 24.544-9.317 33.901.04l22.667 22.667c9.373 9.373 9.373 24.569 0 33.941L240.971 381.476c-9.373 9.372-24.569 9.372-33.942 0z"
                        />
                      </svg>
                    </span>
                  </button>
                </div>
              </div>
              <div
                class="flex flex-col gap-4 w-full"
              >
                <h3
                  class="text-[16px] font-normal leading-[24px] text-grey"
                >
                  Version
                </h3>
                <div
                  class="relative mt-1"
                >
                  <button
                    aria-expanded="false"
                    aria-haspopup="listbox"
                    class="relative w-full flex items-center justify-between  rounded-[80px] border-[2px] bg-transparent py-3 pl-8 pr-4 border-[#3E3355]"
                    data-headlessui-state=""
                    id="headlessui-listbox-button-:r2:"
                    type="button"
                  >
                    <span
                      class="flex items-center justify-between text-nowrap"
                    >
                      1 - LTS
                    </span>
                    <span>
                      <svg
                        fill="currentColor"
                        height="1em"
                        stroke="currentColor"
                        stroke-width="0"
                        viewBox="0 0 448 512"
                        width="1em"
                        xmlns="http://www.w3.org/2000/svg"
                      >
                        <path
                          d="M207.029 381.476L12.686 187.132c-9.373-9.373-9.373-24.569 0-33.941l22.667-22.667c9.357-9.357 24.522-9.375 33.901-.04L224 284.505l154.745-154.021c9.379-9.335 24.544-9.317 33.901.04l22.667 22.667c9.373 9.373 9.373 24.569 0 33.941L240.971 381.476c-9.373 9.372-24.569 9.372-33.942 0z"
                        />
                      </svg>
                    </span>
                  </button>
                </div>
              </div>
              <div
                class="flex flex-col gap-4 w-full"
              >
                <h3
                  class="text-[16px] font-normal leading-[24px] text-grey"
                >
                  Package Type
                </h3>
                <div
                  class="relative mt-1"
                >
                  <button
                    aria-expanded="false"
                    aria-haspopup="listbox"
                    class="relative w-full flex items-center justify-between  rounded-[80px] border-[2px] bg-transparent py-3 pl-8 pr-4 border-[#3E3355]"
                    data-headlessui-state=""
                    id="headlessui-listbox-button-:r3:"
                    type="button"
                  >
                    <span
                      class="flex items-center justify-between text-nowrap"
                    >
                      JDK
                    </span>
                    <span>
                      <svg
                        fill="currentColor"
                        height="1em"
                        stroke="currentColor"
                        stroke-width="0"
                        viewBox="0 0 448 512"
                        width="1em"
                        xmlns="http://www.w3.org/2000/svg"
                      >
                        <path
                          d="M207.029 381.476L12.686 187.132c-9.373-9.373-9.373-24.569 0-33.941l22.667-22.667c9.357-9.357 24.522-9.375 33.901-.04L224 284.505l154.745-154.021c9.379-9.335 24.544-9.317 33.901.04l22.667 22.667c9.373 9.373 9.373 24.569 0 33.941L240.971 381.476c-9.373 9.372-24.569 9.372-33.942 0z"
                        />
                      </svg>
                    </span>
                  </button>
                </div>
              </div>
            </div>
          </div>
        </div>
      </div>
    </div>
    <div
      class="w-full"
    >
      <div
        class="overflow-auto min-w-full w-full"
      >
        <div
          class="flex xl:justify-center space-x-5 py-2"
        >
          <button
            class="flex justify-center items-center
                outline-none cursor-pointer transition-all duration-200 ease-in-out bg-white rounded-2xl border-primary border-2"
          >
            <span
              class="w-20 h-20"
            >
              <img
                alt="Adoptium icon"
                class="mb-0 p-1"
                src="/images/vendors/vendor-adoptium.png"
              />
            </span>
          </button>
        </div>
      </div>
    </div>
    <div
      class="hidden md:flex items-center gap-20 border-t border-[#3E3355] pt-5 mb-5 mt-12"
    >
      <p
        class="text-grey text-[16px] leading-[24px] mb-0"
      >
        Text
      </p>
      <p
        class="text-grey text-[16px] leading-[24px] mb-0"
      >
        Text
      </p>
      <p
        class="text-grey text-[16px] leading-[24px] mb-0"
      >
        Text
      </p>
      <p
        class="text-grey text-[16px] leading-[24px] mb-0"
      >
        Build Date
      </p>
      <p
        class="text-grey text-[16px] leading-[24px] mb-0"
      >
        Text
      </p>
      <p
        class="text-grey text-[16px] leading-[24px] mb-0"
      >
        Text
      </p>
    </div>
  </div>
  <div
    class="community flex justify-center items-center px-6 pt-10 pb-24 md:py-24"
  >
    <div
      class="newscard-2 gap-4 md:gap-10 flex flex-col md:flex-row justify-between md:items-center max-w-[1000px] mx-auto p-[32px] md:p-[64px]"
    >
      <div
        class="max-w-[110px] "
      >
        <img
          alt="AQAvit Logo"
          class="w-full"
          src="/images/projects/aqavit-project.svg"
        />
      </div>
      <div
        class="flex flex-col md:gap-3"
      >
        <div
          class="!mt-0"
        >
          <h2
            class="text-4xl leading-[122%] md:text-5xl md:[116%] text-white font-semibold"
          >
            About Eclipse AQAvit
          </h2>
          <p
            class="text-grey mt-6 font-normal text-base"
          >
            The AQAvit open source test suite (Adoptium Quality Assurance) can be found here. There is also a blog post and brief presentation that explains what testing is run and how it fits into the overall delivery pipeline.
          </p>
        </div>
        <button
          class="bg-transparent mt-10 border-2 border-pink-500/0 text-white text-base  leading-6 font-normal w-[146px] h-[48px] rounded-[80px] gradient-border mt-6"
        >
          Learn More
        </button>
      </div>
    </div>
  </div>
</main>
`;
