// Vitest Snapshot v1, https://vitest.dev/guide/snapshot.html

exports[`News page > renders correctly 1`] = `
<main>
  <div
    class="relative pt-40 pb-16 md:pb-36 md:pt-60 overflow-hidden"
  >
    <div
      class="w-full relative"
    >
      <div
        class="absolute z-[-1] w-[2396px] h-[1340px] left-[23px] md:left-[112px] top-[21px] md:top-[171px] bg-[#410170] shadow-[0_0_400px_rgba(65,1,112,1)] rounded-full blur-[400px]"
      />
      <div
        class="absolute z-[-1] w-[1487px] h-[893px] left-[120px] md:left-[676px] top-[120px] md:top-[395px] bg-[#B62987] shadow-[0_0_400px_rgba(182,41,135,1)] rounded-full blur-[400px]"
      />
      <div
        class="absolute z-[-1] w-[688px] h-[446px] left-[400px] md:left-[1131px] top-[618px] bg-[#FE8492] shadow-[0_0_400px_rgba(254,132,146,1)] rounded-full blur-[400px]"
      />
    </div>
    <div
      class="mx-auto max-w-[1048px] w-full px-6 lg:px-0 flex flex-col items-center justify-center"
    >
      <div
        class="self-stretch flex-col justify-center items-center gap-6 flex"
      >
        <div
          class="self-stretch  flex-col justify-center items-center gap-4 flex"
        >
          <div
            class="justify-start items-center gap-3 inline-flex"
          >
            <svg
              fill="none"
              height="14"
              viewBox="0 0 14 14"
              width="14"
              xmlns="http://www.w3.org/2000/svg"
            >
              <rect
                fill="#FF1464"
                height="8"
                rx="2"
                width="8"
                x="3"
                y="3"
              />
              <rect
                height="11"
                rx="3.5"
                stroke="#FF1464"
                stroke-opacity="0.25"
                stroke-width="3"
                width="11"
                x="1.5"
                y="1.5"
              />
            </svg>
            <div
              class="text-rose-600 text-base font-bold leading-normal"
            >
              News
            </div>
          </div>
          <div
            class="self-stretch text-center text-white   text-[56px] lg:text-[80px] leading-[114.286%] md:leading-[120%] font-semibold"
          >
            News & Updates
          </div>
        </div>
        <div
          class="self-stretch text-center text-lightgrey text-[20px] font-normal leading-[140%] mx-auto max-w-[860px] px-2 w-full"
        >
          Follow the latest updates from the Eclipse Adoptium Project
        </div>
      </div>
    </div>
  </div>
  <div
    class="max-w-[1264px] mx-auto px-6 py-8 md:pt-12"
  >
    <div
      class="flex justify-center gap-6 items-center flex-wrap pt-8 md:pt-12"
    >
      <div
        class="flex flex-col max-w-[385px] rounded-3xl newscard-2 bg-[#200D46]"
      >
        <img
          alt="blog banner image"
          class="m-0.5 rounded-3xl"
        />
        <div
          class="p-8"
        >
          <h3
            class="text-[24px] font-semibold leading-[133.333%]"
          >
            MDX Page title
          </h3>
          <div
            class="flex justify-between py-4"
          >
            <h3
              class="flex flex-col gap-1 tab-button-text text-white"
            >
              <span>
                2021-01-01
              </span>
            </h3>
          </div>
          <span>
            MDX Page excerpt
          </span>
          <a
            href="/en/mdx/mdx-page-title"
          >
            <button
              class="rounded-2xl bg-transparent gradient-border mt-10 border-2 border-pink-500/0 text-white text-base leading-6 font-bold w-[160px] h-[48px] block "
            >
              Read More
            </button>
          </a>
        </div>
      </div>
    </div>
    <div
      class="flex justify-center gap-6 items-center flex-wrap py-8 md:py-12"
    />
    <div
      class="flex justify-center items-center gap-8 md:gap-14 my-8"
    >
      <div
        class="flex items-center gap-5"
      >
        <div
          class="flex items-center justify-between gap-6 border border-[#3E3355] rounded-[80px] px-6 py-3"
        >
          <a
            href="/en/news"
          >
            <p
              class="tab-button-text mb-0 cursor-pointer font-bold text-pink"
            >
              1
            </p>
          </a>
        </div>
      </div>
    </div>
    <div
      class="flex items-center gap-5"
    >
      <a
        class="flex items-center gap-3"
        href="https://newsroom.eclipse.org/eclipse/community-news"
        rel="noopener noreferrer"
        target="_blank"
      >
        View all
      </a>
      |
      <a
        class="flex items-center gap-3"
        href="https://newsroom.eclipse.org/node/add/news"
        rel="noopener noreferrer"
        target="_blank"
      >
        Submit news
      </a>
    </div>
  </div>
</main>
`;
