// Vitest Snapshot v1, https://vitest.dev/guide/snapshot.html

exports[`Slack page > renders correctly 1`] = `
<main>
  <section
    class="py-5 text-center container mx-auto"
  >
    <div
      class="row py-lg-5"
    >
      <div
        class="col-lg-8 col-md-8 mx-auto"
      >
        <h1
          class="fw-light text-4xl pb-3"
        >
          Join our Slack channel!
        </h1>
      </div>
      <form
        action="https://docs.google.com/forms/u/1/d/e/1FAIpQLSdxrFvVu49Nx0zQKZAfHe_43H3H6BOhRiRXayQjjAmlbnSJfg/formResponse"
        method="post"
        target="_blank"
      >
        <div
          class="form-group"
        >
          <label>
            Email address
            <br />
            <input
              autocomplete="email"
              class="formInput"
              name="emailAddress"
              placeholder="Your email"
              required=""
              type="email"
            />
          </label>
          <br />
          <button
            class="bg-transparent   border-2 border-pink-500/0 text-white text-base leading-6 font-normal w-[180px] h-[48px] rounded-[80px] gradient-border"
            type="submit"
          >
            Invite Me!
          </button>
        </div>
      </form>
    </div>
  </section>
</main>
`;
