// Vitest Snapshot v1, https://vitest.dev/guide/snapshot.html

exports[`Sponsors page > renders correctly 1`] = `
<main>
  <section
    class="py-5 text-center container"
  >
    <div
      class="row py-lg-5"
    >
      <div
        class="col-lg-8 col-md-8 mx-auto"
      >
        <h1
          class="fw-light"
        >
          AdoptiumÂ® Project Sponsors
        </h1>
        <p
          class="lead text-muted"
        >
          Adoptium is proud to receive financial donations (both one-off and regularly) from the following companies.
        </p>
        <div
          class="container"
        >
          <div
            class="row justify-content-center align-items-center"
          >
            <div
              class="col-lg-4 col-md-12 mt-5"
            >
              <a
                href="https://mock.com"
                rel="noopener noreferrer"
                target="_blank"
              >
                <img
                  alt="mock_sponsor logo"
                  src="/images/mock_logo.png"
                  style="width: 10rem;"
                />
              </a>
            </div>
          </div>
        </div>
        <p
          class="lead text-muted pt-5"
        >
          The Adoptium Working Group collaborates with the following companies who contribute various kinds of cloud and physical hardware.
        </p>
        <div
          class="container"
        >
          <div
            class="row justify-content-center align-items-center"
          >
            <div
              class="col-lg-4 col-md-12 mt-5"
            >
              <a
                href="https://mock.com"
                rel="noopener noreferrer"
                target="_blank"
              >
                <img
                  alt="mock_sponsor logo"
                  src="/images/mock_logo.png"
                  style="width: 10rem;"
                />
              </a>
            </div>
          </div>
        </div>
        <div
          class="btn-group-vertical"
        >
          <a
            class="btn btn-lg btn-primary mt-5"
            href="https://www.eclipse.org/org/workinggroups/sponsorship/working-group-sponsorship-agreement.pdf"
            rel="noreferrer"
            target="_blank"
          >
            Want to become a Sponsor?
          </a>
          <a
            class="btn btn-lg btn-outline-dark mt-3"
            href="https://github.com/sponsors/adoptium"
            rel="noreferrer"
            target="_blank"
          >
            <svg
              aria-label="GitHub Sponsors Logo"
              color="#bf3989"
              fill="currentColor"
              height="1em"
              role="img"
              stroke="currentColor"
              strokeWidth="0"
              style="color: rgb(191, 57, 137);"
              viewBox="0 0 24 24"
              width="1em"
              xmlns="http://www.w3.org/2000/svg"
            >
              <path
                d="M17.625 1.499c-2.32 0-4.354 1.203-5.625 3.03-1.271-1.827-3.305-3.03-5.625-3.03C3.129 1.499 0 4.253 0 8.249c0 4.275 3.068 7.847 5.828 10.227a33.14 33.14 0 0 0 5.616 3.876l.028.017.008.003-.001.003c.163.085.342.126.521.125.179.001.358-.041.521-.125l-.001-.003.008-.003.028-.017a33.14 33.14 0 0 0 5.616-3.876C20.932 16.096 24 12.524 24 8.249c0-3.996-3.129-6.75-6.375-6.75zm-.919 15.275a30.766 30.766 0 0 1-4.703 3.316l-.004-.002-.004.002a30.955 30.955 0 0 1-4.703-3.316c-2.677-2.307-5.047-5.298-5.047-8.523 0-2.754 2.121-4.5 4.125-4.5 2.06 0 3.914 1.479 4.544 3.684.143.495.596.797 1.086.796.49.001.943-.302 1.085-.796.63-2.205 2.484-3.684 4.544-3.684 2.004 0 4.125 1.746 4.125 4.5 0 3.225-2.37 6.216-5.048 8.523z"
              />
            </svg>
             Become a GitHub Sponsor!
          </a>
        </div>
      </div>
    </div>
  </section>
</main>
`;
