// Vitest Snapshot v1, https://vitest.dev/guide/snapshot.html

exports[`Sustainers page > renders correctly 1`] = `
<div>
  <div
    class="slice--banner"
  />
  <div
    class="slice--navbar"
  />
  <main>
    <div
      class="relative w-full"
    >
      <div
        class="relative pt-40 pb-16 md:pb-36 md:pt-60 overflow-hidden"
      >
        <div
          class="w-full relative"
        >
          <div
            class="absolute z-[-1] w-[2396px] h-[1340px] left-[23px] md:left-[112px] top-[21px] md:top-[171px] bg-[#410170] shadow-[0_0_400px_rgba(65,1,112,1)] rounded-full blur-[400px]"
          />
          <div
            class="absolute z-[-1] w-[1487px] h-[893px] left-[120px] md:left-[676px] top-[120px] md:top-[395px] bg-[#B62987] shadow-[0_0_400px_rgba(182,41,135,1)] rounded-full blur-[400px]"
          />
          <div
            class="absolute z-[-1] w-[688px] h-[446px] left-[400px] md:left-[1131px] top-[618px] bg-[#FE8492] shadow-[0_0_400px_rgba(254,132,146,1)] rounded-full blur-[400px]"
          />
        </div>
        <div
          class="mx-auto max-w-[1048px] w-full px-6 lg:px-0 flex flex-col items-center justify-center"
        >
          <div
            class="self-stretch flex-col justify-center items-center gap-6 flex"
          >
            <div
              class="self-stretch  flex-col justify-center items-center gap-4 flex"
            >
              <div
                class="justify-start items-center gap-3 inline-flex"
              >
                <svg
                  fill="none"
                  height="14"
                  viewBox="0 0 14 14"
                  width="14"
                  xmlns="http://www.w3.org/2000/svg"
                >
                  <rect
                    fill="#FF1464"
                    height="8"
                    rx="2"
                    width="8"
                    x="3"
                    y="3"
                  />
                  <rect
                    height="11"
                    rx="3.5"
                    stroke="#FF1464"
                    stroke-opacity="0.25"
                    stroke-width="3"
                    width="11"
                    x="1.5"
                    y="1.5"
                  />
                </svg>
                <div
                  class="text-rose-600 text-base font-bold leading-normal"
                >
                  Become a Corporate Sustainer
                </div>
              </div>
              <div
                class="self-stretch text-center text-white   text-[56px] lg:text-[80px] leading-[114.286%] md:leading-[120%] font-semibold"
              >
                Join us in strengthening the future of Eclipse Temurin
              </div>
            </div>
            <div
              class="self-stretch text-center text-lightgrey text-[20px] font-normal leading-[140%] max-w-[1016px] mx-auto"
            />
          </div>
        </div>
      </div>
      <div
        class="flex flex-col md:flex-row gap-4 justify-center absolute items-center mt-[30px] md:-mt-[98px] w-full"
      >
        <a
          href="https://github.com/sponsors/adoptium"
          target="_blank"
        >
          <button
            class="rounded-2xl bg-transparent gradient-border border-2 border-pink-500/0 text-white text-base leading-6 font-normal w-[290px] h-[48px]  transition-all duration-500 ease-in-out "
          >
            Become an Individual Sustainer
          </button>
        </a>
        <a
          href="/en/become-a-sustainer"
        >
          <button
            class="rounded-2xl bg-transparent gradient-border border-2 border-pink-500/0 text-white text-base leading-6 font-normal w-[290px] h-[48px]  transition-all duration-500 ease-in-out "
          >
            Become a Corporate Sustainer
          </button>
        </a>
      </div>
    </div>
    <div
      class="w-full flex flex-col justify-center items-center pt-[240px] md:pt-[100px]"
    >
      <div
        class="w-full flex flex-col justify-center items-center relative"
      >
        <div
          class="w-full "
        >
          <div
            class="absolute z-[-1] w-full h-[20px] bottom-0 right-0 bg-[#410170] shadow-[0_0_400px_rgba(65,1,112,1)] rounded-full blur-[400px]"
          />
          <div
            class="absolute z-[-1] w-full h-[20px] bottom-0 right-0 bg-[#B62987] shadow-[0_0_400px_rgba(182,41,135,1)] rounded-full blur-[400px]"
          />
          <div
            class="absolute z-[-1] w-full h-[20px] bottom-0 right-0 bg-[#FE8492] shadow-[0_0_400px_rgba(254,132,146,1)] rounded-full blur-[400px]"
          />
        </div>
        <div
          class="w-full max-w-[1180px] p-4"
        >
          <h2
            class="text-center text-4xl lg:text-5xl leading-[44px] lg:leading-[56px] font-semibold text-white-900 "
          >
            Eclipse Temurin Sustainer Program
          </h2>
          <p
            class="text-center text-[#c4bfce] p-4 max-w-[1000px"
          >
            The Eclipse Temurin Sustainer Program invites enterprises to invest in the long-term sustainment of Eclipse Temurin and other Adoptium projects. By becoming a Sustainer, your company ensures that Temurin remains the industryâ€™s leading community-driven open source JDK for mission-critical Java workloads. This program supports the vendor-neutral development of runtimes and development kits, infrastructure and tools, quality assurance, enhanced security practices, community engagement, and more.
          </p>
        </div>
        <div
          class="flex flex-wrap justify-center md:justify-between w-full max-w-[1180px]"
        >
          <div
            class="max-w-[185px] p-4 w-full flex flex-col justify-start items-center"
          >
            <div
              class="flex flex-col justify-center items-center gap-[6px] bg-white rounded-[19px] w-[121px] h-[121px] mb-4"
            >
              <img
                alt="temurin logo"
                class="w-[100px] mb-0"
                src="/images/temurin-light.png"
              />
            </div>
            <p
              class="text-center text-[#c4bfce] text-[16px]"
            >
              Runtime binaries High performance Cross-platform Open source licenses (GPLv2 + CE) Spec compliant
            </p>
          </div>
          <div
            class="max-w-[185px] p-4 w-full flex flex-col justify-start items-center"
          >
            <div
              class="flex flex-col justify-center items-center gap-[6px] bg-white rounded-[19px] w-[121px] h-[121px] mb-4"
            >
              <img
                alt="temurin logo"
                class="w-[100px] mb-0"
                src="/images/aqavit-light.png"
              />
            </div>
            <p
              class="text-center text-[#c4bfce] text-[16px]"
            >
              Verification program, running a large pool of tests Assuring security durability, scalability, and performance requirements
            </p>
          </div>
          <div
            class="max-w-[185px] p-4 w-full flex flex-col justify-start items-center"
          >
            <div
              class="flex flex-col justify-center items-center gap-[6px] bg-white rounded-[19px] w-[121px] h-[121px] mb-4"
            >
              <img
                alt="temurin logo"
                class="w-[100px] mb-0"
                src="/images/emt4j.svg"
              />
            </div>
            <p
              class="text-center text-[#c4bfce] text-[16px]"
            >
              This migration toolkit helps organizations with the migration from Java 8 to 11+
            </p>
          </div>
          <div
            class="max-w-[185px] p-4 w-full flex flex-col justify-start items-center"
          >
            <div
              class="flex flex-col justify-center items-center gap-[6px] bg-white rounded-[19px] w-[121px] h-[121px] mb-4"
            >
              <img
                alt="temurin logo"
                class="w-[100px] mb-0"
                src="/images/mission-control.svg"
              />
            </div>
            <p
              class="text-center text-[#c4bfce] text-[16px]"
            >
              Low-overhead monitoring and management of running Java applications
            </p>
          </div>
        </div>
        <div
          class="p-4 border-t border-[#39314a] mt-[60px] pt-[40px] md:pt-[80px] w-full"
        >
          <h2
            class="text-center text-4xl lg:text-5xl leading-[44px] lg:leading-[56px] font-semibold text-white-900"
          >
            How Your Support Fuels Key Initiatives
          </h2>
          <div
            class="grid grid-cols-1  md:grid-cols-2 lg:grid-cols-3 gap-6 w-full item-center mt-10 p-4 mx-auto max-w-[1180px]"
          >
            <div
              class="max-w-[382px] w-full h-[212px] flex flex-col justify-center items-center border-[0.5px] border-[#c4bfce] rounded-[27px] gap-6"
            >
              <img
                alt="security"
                class="mb-0"
                src="/images/initiatives/security.svg"
              />
              <h3
                class="text-[26px]"
              >
                Enhanced Security
              </h3>
            </div>
            <div
              class="max-w-[382px] w-full h-[212px] flex flex-col justify-center items-center border-[0.5px] border-[#c4bfce] rounded-[27px] gap-6"
            >
              <img
                alt="release"
                class="mb-0"
                src="/images/initiatives/release.svg"
              />
              <h3
                class="text-[26px]"
              >
                Faster Release Cycles
              </h3>
            </div>
            <div
              class="max-w-[382px] w-full h-[212px] flex flex-col justify-center items-center border-[0.5px] border-[#c4bfce] rounded-[27px] gap-6"
            >
              <img
                alt="deploy"
                class="mb-0"
                src="/images/initiatives/deploy.svg"
              />
              <h3
                class="text-[26px]"
              >
                Ready-to-deploy Builds
              </h3>
            </div>
            <div
              class="max-w-[382px] w-full h-[212px] flex flex-col justify-center items-center border-[0.5px] border-[#c4bfce] rounded-[27px] gap-6"
            >
              <img
                alt="innovation"
                class="mb-0"
                src="/images/initiatives/innovation.svg"
              />
              <h3
                class="text-[26px]"
              >
                Sustained Innovation
              </h3>
            </div>
            <div
              class="max-w-[382px] w-full h-[212px] flex flex-col justify-center items-center border-[0.5px] border-[#c4bfce] rounded-[27px] gap-6"
            >
              <img
                alt="testing"
                class="mb-0"
                src="/images/initiatives/testing.svg"
              />
              <h3
                class="text-[26px]"
              >
                Quality Testing
              </h3>
            </div>
            <div
              class="max-w-[382px] w-full h-[212px] flex flex-col justify-center items-center border-[0.5px] border-[#c4bfce] rounded-[27px] gap-6"
            >
              <img
                alt="community"
                class="mb-0"
                src="/images/initiatives/community.svg"
              />
              <h3
                class="text-[26px]"
              >
                Community Development
              </h3>
            </div>
          </div>
          <p
            class="text-[16px] text-[#c4bfce] p-4 max-w-[1000px] text-center mx-auto"
          >
            Join the Eclipse Temurin Sustainer Program and play a crucial role in maintaining the vitality and reliability of the world's fastest-growing open source Java SE runtime. Your support accelerates our initiatives, driving greater impact and innovation within the Java ecosystem
          </p>
        </div>
      </div>
      <div
        class="bg-[#0d0129] w-full py-[95px]"
      >
        <div
          class="max-w-[1180px] mx-auto w-full"
        >
          <div
            class=" w-full flex flex-col justify-center items-center p-8"
          >
            <h2
              class="text-left max-w-[855px] md:text-center text-4xl lg:text-5xl leading-[44px] lg:leading-[56px] font-semibold text-white-900"
            >
              Calculate your savings and Invest in Temurinâ€™s Future
            </h2>
            <p
              class="text-[#ff1464] max-w-[740px] text-[20px] text-center font-bold mt-10 mb-6"
            >
              The average company* using Eclipse Temurin saves more than $1.6M annually. Isnâ€™t it time you invest in sustaining your savings?
            </p>
            <p
              class="text-xs text-[#c4bfce] my-5"
            >
              *Self-reported number of employees, n = 211
            </p>
            <div
              class="involveme_embed w-full md:w-1/2 mb-5 md:mb-10"
              data-project="temurin-v1-1"
            />
            <p
              class="text-[#c4bfce] max-w-[900px] text-center"
            >
              With the recent increase in licensing costs for paid Java SE options, weâ€™ve seen Temurin downloads surgeâ€”from over 75M in 2023 to over 250M by the end of 2023, and doubling again to more than 500M by the end of 2024. This growth strongly indicates a significant transition away from paid Java options toward open-source solutions like Temurin. If your organization has made this migration, youâ€™ve likely experienced significant cost savings. Dedicate a portion of your savings to Temurin to invest in your corporate software supply chain by ensuring Temurinâ€™s long-term viability, enhance security, and accelerate faster releases for the Java community.
            </p>
          </div>
        </div>
      </div>
      <div
        class="w-full max-w-[1180px] p-4"
      >
        <h2
          class="text-center text-4xl lg:text-5xl leading-[44px] lg:leading-[56px] font-semibold text-white-900 my-8"
        >
          Sustainer Levels
        </h2>
        <div
          class="p-4"
        >
          <div
            class="lg:hidden max-w-[500px] mx-auto flex flex-col text-center items-center"
          >
            <img
              alt="Description"
              class="w-full mb-0 max-w-[366px] object-cover"
              src="/images/icons/diamond-layers.svg"
            />
            <img
              alt="scrol divider"
              class="mb-0"
            />
            <div
              class="flex flex-col flex-1 px-4"
            >
              <h1
                class="text-xl my-5 font-bold"
              >
                Diamond Benefits
              </h1>
              <p
                class="text-base text-grey"
              >
                <ul
                  class="text-left lg:list-disc lg:ml-4"
                >
                  <li>
                    Logo (max size: 400x179) on our Sustainers page
                  </li>
                  <li>
                    Logo location: top section, rotating placement in a row
                  </li>
                  <li>
                    Use of the Diamond Sustainer logo for your site
                  </li>
                  <li>
                    Joint press release with the Eclipse Foundation
                  </li>
                  <li>
                    Listed in Eclipse Foundation Annual Reports
                  </li>
                  <li>
                    Listed in all Adoptium Working Group press releases
                  </li>
                  <li>
                    Sponsor a co-authored case study
                  </li>
                  <li>
                    Media testimonial placement, spokesperson opportunities
                  </li>
                  <li>
                    Speaking Opportunity at the Virtual Adoptium Summit
                  </li>
                </ul>
              </p>
            </div>
          </div>
          <div
            class="lg:hidden max-w-[500px] mx-auto flex flex-col text-center items-center"
          >
            <img
              alt="Description"
              class="w-full mb-0 max-w-[366px] object-cover"
              src="/images/icons/platinum-layers.svg"
            />
            <img
              alt="scrol divider"
              class="mb-0"
            />
            <div
              class="flex flex-col flex-1 px-4"
            >
              <h1
                class="text-xl my-5 font-bold"
              >
                Platinum Benefits
              </h1>
              <p
                class="text-base text-grey"
              >
                <ul
                  class="text-left lg:list-disc lg:ml-4"
                >
                  <li>
                    Logo (max size: 300x134) on our Sustainers page
                  </li>
                  <li>
                    Logo location: upper-middle section, rotating placement in row
                  </li>
                  <li>
                    Use of the Platinum Sustainer logo for your site
                  </li>
                  <li>
                    Joint press release with the Eclipse Foundation
                  </li>
                  <li>
                    Listed in Eclipse Foundation Annual Reports
                  </li>
                  <li>
                    Listed in all Adoptium Working Group press releases
                  </li>
                  <li>
                    Media testimonial placement, spokesperson opportunities
                  </li>
                </ul>
              </p>
            </div>
          </div>
          <div
            class="lg:hidden max-w-[500px] mx-auto flex flex-col text-center items-center"
          >
            <img
              alt="Description"
              class="w-full mb-0 max-w-[366px] object-cover"
              src="/images/icons/gold-layers.svg"
            />
            <img
              alt="scrol divider"
              class="mb-0"
            />
            <div
              class="flex flex-col flex-1 px-4"
            >
              <h1
                class="text-xl my-5 font-bold"
              >
                Gold Benefits
              </h1>
              <p
                class="text-base text-grey"
              >
                <ul
                  class="text-left lg:list-disc lg:ml-4"
                >
                  <li>
                    Logo (max size: 223x100) on our Sustainers page 
                  </li>
                  <li>
                    Logo location: middle section, rotating placement in a row
                  </li>
                  <li>
                    Use of the Gold Sustainer logo for your site
                  </li>
                  <li>
                    Personal quote for your press release
                  </li>
                  <li>
                    Listed in all Adoptium Working Group press releases
                  </li>
                  <li>
                    Media testimonial placement, spokesperson opportunities
                  </li>
                </ul>
              </p>
            </div>
          </div>
          <div
            class="lg:hidden max-w-[500px] mx-auto flex flex-col text-center items-center"
          >
            <img
              alt="Description"
              class="w-full mb-0 max-w-[366px] object-cover"
              src="/images/icons/silver-layers.svg"
            />
            <img
              alt="scrol divider"
              class="mb-0"
            />
            <div
              class="flex flex-col flex-1 px-4"
            >
              <h1
                class="text-xl my-5 font-bold"
              >
                Silver Benefits
              </h1>
              <p
                class="text-base text-grey"
              >
                <ul
                  class="text-left lg:list-disc lg:ml-4"
                >
                  <li>
                    Logo (max size: 150x67) on our Sustainers page
                  </li>
                  <li>
                    Logo location: lower-middle section, rotating placement in a row
                  </li>
                  <li>
                    Use of the Silver Sustainer logo for your site
                  </li>
                  <li>
                    Media testimonial placement, spokesperson opportunities
                  </li>
                  <li>
                    Listed in all Adoptium Working Group press releases
                  </li>
                </ul>
              </p>
            </div>
          </div>
          <div
            class="lg:hidden max-w-[500px] mx-auto flex flex-col text-center items-center"
          >
            <img
              alt="Description"
              class="w-full mb-0 max-w-[366px] object-cover"
              src="/images/icons/bronze-layers.svg"
            />
            <img
              alt="scrol divider"
              class="mb-0"
            />
            <div
              class="flex flex-col flex-1 px-4"
            >
              <h1
                class="text-xl my-5 font-bold"
              >
                Bronze Benefits
              </h1>
              <p
                class="text-base text-grey"
              >
                <ul
                  class="text-left lg:list-disc lg:ml-4"
                >
                  <li>
                    Logo (max size: 150x67) on our Sustainers page
                  </li>
                  <li>
                    Logo location: lower section, rotating placement in a row
                  </li>
                  <li>
                    Use of the Bronze Sustainer logo for your site
                  </li>
                  <li>
                    Listed in all Adoptium Working Group press releases
                  </li>
                </ul>
              </p>
            </div>
          </div>
          <div
            class="lg:block hidden open-animation-wrapper"
          >
            <div
              class="max-w-[1048px] ui-virtual-wrapper mt-10 relative mx-auto px-4 sm:px-0"
            >
              <div
                class="progress absolute top-0 bottom-4 left-0 right-0"
              >
                <div
                  class="progress-fill w-full h-full"
                  style="transform: scaleY(1.0000);"
                />
              </div>
              <div
                class="absolute left-[50%] translate-x-[-6px] w-[16px] rounded-full bg-[#FF1464] h-[16px] top-0 bottom-4 right-0"
                style="top: 100%;"
              />
              <div
                class="flex h-[400px] opacity-50 ui-virtual-common items-center justify-between ui-virtual-box-1"
              >
                <div
                  class="w-[50%]"
                >
                  <div
                    class="flex flex-col justify-center items-center"
                  >
                    <img
                      alt="Description"
                      class="max-w-[436px] mb-0"
                      src="/images/icons/diamond-layers.svg"
                    />
                    <h2
                      class="text-5xl font-medium"
                    >
                      Diamond
                    </h2>
                    <p
                      class="text-2xl text-[#ff1464]"
                    >
                      â‚¬100k/year
                    </p>
                  </div>
                </div>
                <div
                  class="w-[50%]"
                >
                  <div
                    class="max-w-[436px] ml-auto"
                  >
                    <h1
                      class="text-xl md-pt-6 my-5 font-bold"
                    >
                      Diamond Benefits
                    </h1>
                    <p
                      class="text-base text-grey"
                    >
                      <ul
                        class="text-left lg:list-disc lg:ml-4"
                      >
                        <li>
                          Logo (max size: 400x179) on our Sustainers page
                        </li>
                        <li>
                          Logo location: top section, rotating placement in a row
                        </li>
                        <li>
                          Use of the Diamond Sustainer logo for your site
                        </li>
                        <li>
                          Joint press release with the Eclipse Foundation
                        </li>
                        <li>
                          Listed in Eclipse Foundation Annual Reports
                        </li>
                        <li>
                          Listed in all Adoptium Working Group press releases
                        </li>
                        <li>
                          Sponsor a co-authored case study
                        </li>
                        <li>
                          Media testimonial placement, spokesperson opportunities
                        </li>
                        <li>
                          Speaking Opportunity at the Virtual Adoptium Summit
                        </li>
                      </ul>
                    </p>
                  </div>
                </div>
              </div>
              <div
                class="flex h-[400px] opacity-50 ui-virtual-common items-center justify-between ui-virtual-box-2"
              >
                <div
                  class="w-[50%]"
                >
                  <div
                    class="flex flex-col justify-center items-center"
                  >
                    <img
                      alt="Description"
                      class="max-w-[436px] mb-0"
                      src="/images/icons/platinum-layers.svg"
                    />
                    <h2
                      class="text-5xl font-medium"
                    >
                      Platinum
                    </h2>
                    <p
                      class="text-2xl text-[#ff1464]"
                    >
                      â‚¬75k/year
                    </p>
                  </div>
                </div>
                <div
                  class="w-[50%]"
                >
                  <div
                    class="max-w-[436px] ml-auto"
                  >
                    <h1
                      class="text-xl md-pt-6 my-5 font-bold"
                    >
                      Platinum Benefits
                    </h1>
                    <p
                      class="text-base text-grey"
                    >
                      <ul
                        class="text-left lg:list-disc lg:ml-4"
                      >
                        <li>
                          Logo (max size: 300x134) on our Sustainers page
                        </li>
                        <li>
                          Logo location: upper-middle section, rotating placement in row
                        </li>
                        <li>
                          Use of the Platinum Sustainer logo for your site
                        </li>
                        <li>
                          Joint press release with the Eclipse Foundation
                        </li>
                        <li>
                          Listed in Eclipse Foundation Annual Reports
                        </li>
                        <li>
                          Listed in all Adoptium Working Group press releases
                        </li>
                        <li>
                          Media testimonial placement, spokesperson opportunities
                        </li>
                      </ul>
                    </p>
                  </div>
                </div>
              </div>
              <div
                class="flex h-[400px] opacity-50 ui-virtual-common items-center justify-between ui-virtual-box-3"
              >
                <div
                  class="w-[50%]"
                >
                  <div
                    class="flex flex-col justify-center items-center"
                  >
                    <img
                      alt="Description"
                      class="max-w-[436px] mb-0"
                      src="/images/icons/gold-layers.svg"
                    />
                    <h2
                      class="text-5xl font-medium"
                    >
                      Gold
                    </h2>
                    <p
                      class="text-2xl text-[#ff1464]"
                    >
                      â‚¬50k/year
                    </p>
                  </div>
                </div>
                <div
                  class="w-[50%]"
                >
                  <div
                    class="max-w-[436px] ml-auto"
                  >
                    <h1
                      class="text-xl md-pt-6 my-5 font-bold"
                    >
                      Gold Benefits
                    </h1>
                    <p
                      class="text-base text-grey"
                    >
                      <ul
                        class="text-left lg:list-disc lg:ml-4"
                      >
                        <li>
                          Logo (max size: 223x100) on our Sustainers page 
                        </li>
                        <li>
                          Logo location: middle section, rotating placement in a row
                        </li>
                        <li>
                          Use of the Gold Sustainer logo for your site
                        </li>
                        <li>
                          Personal quote for your press release
                        </li>
                        <li>
                          Listed in all Adoptium Working Group press releases
                        </li>
                        <li>
                          Media testimonial placement, spokesperson opportunities
                        </li>
                      </ul>
                    </p>
                  </div>
                </div>
              </div>
              <div
                class="flex h-[400px] opacity-50 ui-virtual-common items-center justify-between ui-virtual-box-4"
              >
                <div
                  class="w-[50%]"
                >
                  <div
                    class="flex flex-col justify-center items-center"
                  >
                    <img
                      alt="Description"
                      class="max-w-[436px] mb-0"
                      src="/images/icons/silver-layers.svg"
                    />
                    <h2
                      class="text-5xl font-medium"
                    >
                      Silver
                    </h2>
                    <p
                      class="text-2xl text-[#ff1464]"
                    >
                      â‚¬30k/year
                    </p>
                  </div>
                </div>
                <div
                  class="w-[50%]"
                >
                  <div
                    class="max-w-[436px] ml-auto"
                  >
                    <h1
                      class="text-xl md-pt-6 my-5 font-bold"
                    >
                      Silver Benefits
                    </h1>
                    <p
                      class="text-base text-grey"
                    >
                      <ul
                        class="text-left lg:list-disc lg:ml-4"
                      >
                        <li>
                          Logo (max size: 150x67) on our Sustainers page
                        </li>
                        <li>
                          Logo location: lower-middle section, rotating placement in a row
                        </li>
                        <li>
                          Use of the Silver Sustainer logo for your site
                        </li>
                        <li>
                          Media testimonial placement, spokesperson opportunities
                        </li>
                        <li>
                          Listed in all Adoptium Working Group press releases
                        </li>
                      </ul>
                    </p>
                  </div>
                </div>
              </div>
              <div
                class="flex h-[400px] opacity-50 ui-virtual-common items-center justify-between ui-virtual-box-5"
              >
                <div
                  class="w-[50%]"
                >
                  <div
                    class="flex flex-col justify-center items-center"
                  >
                    <img
                      alt="Description"
                      class="max-w-[436px] mb-0"
                      src="/images/icons/bronze-layers.svg"
                    />
                    <h2
                      class="text-5xl font-medium"
                    >
                      Bronze
                    </h2>
                    <p
                      class="text-2xl text-[#ff1464]"
                    >
                      â‚¬10k/year
                    </p>
                  </div>
                </div>
                <div
                  class="w-[50%]"
                >
                  <div
                    class="max-w-[436px] ml-auto"
                  >
                    <h1
                      class="text-xl md-pt-6 my-5 font-bold"
                    >
                      Bronze Benefits
                    </h1>
                    <p
                      class="text-base text-grey"
                    >
                      <ul
                        class="text-left lg:list-disc lg:ml-4"
                      >
                        <li>
                          Logo (max size: 150x67) on our Sustainers page
                        </li>
                        <li>
                          Logo location: lower section, rotating placement in a row
                        </li>
                        <li>
                          Use of the Bronze Sustainer logo for your site
                        </li>
                        <li>
                          Listed in all Adoptium Working Group press releases
                        </li>
                      </ul>
                    </p>
                  </div>
                </div>
              </div>
            </div>
          </div>
        </div>
        <div
          class="flex flex-col md:flex-row gap-4 justify-center absolute items-center mt-[30px] md:-mt-[98px] w-full md:mt-6 md:mx-auto"
        >
          <a
            href="https://github.com/sponsors/adoptium"
            target="_blank"
          >
            <button
              class="rounded-2xl bg-transparent gradient-border border-2 border-pink-500/0 text-white text-base leading-6 font-normal w-[290px] h-[48px]  transition-all duration-500 ease-in-out "
            >
              Become an Individual Sustainer
            </button>
          </a>
          <a
            href="/en/become-a-sustainer"
          >
            <button
              class="rounded-2xl bg-transparent gradient-border border-2 border-pink-500/0 text-white text-base leading-6 font-normal w-[290px] h-[48px]  transition-all duration-500 ease-in-out "
            >
              Become a Corporate Sustainer
            </button>
          </a>
        </div>
        <h2
          class="text-center text-4xl lg:text-5xl leading-[44px] lg:leading-[56px] font-semibold text-white-900 mb-8 mt-40"
        >
          Temurinâ€™s Sustainers
        </h2>
        <div
          class="p-4"
        >
          <div />
          <div />
        </div>
      </div>
    </div>
  </main>
  <div
    class="bg-blue border-[#3E3355] border-b py-10 px-6"
  >
    <div
      class="flex flex-col lg:flex-row max-w-[1048px] mx-auto justify-center lg:justify-between gap-5 items-center "
    >
      <p
        class="text-3xl md:text-4xl leading-[38px] md:leading-[48px] text-white my-0 text-center"
      >
        Thank you to our 
        <span
          class="text-pink pr-1"
        >
          300+
        </span>
        contributors
      </p>
      <div
        class="flex items-center justify-center p-4 space-x-4 w-[325px] rounded-3xl border border-white/50"
      />
    </div>
  </div>
  <div
    class="slice--footer"
  />
</div>
`;
