// Vitest Snapshot v1, https://vitest.dev/guide/snapshot.html

exports[`Latest News component > renders correctly 1`] = `
<div>
  <div
    class="bg-purple py-16 lg:pt-32 pb-16 xl:px-0 lg:px-8 px-0"
  >
    <div
      class="mx-auto max-w-[1264px] w-full flex lg:flex-row flex-col items-start lg:items-center justify-center lg:space-x-8 xl:space-x-16 relative overflow-hidden"
    >
      <div
        class="max-w-[436px] w-full mb-16 lg:mb-0 px-6"
      >
        <h2
          class="here text-4xl lg:text-5xl leading-[44px] lg:leading-[56px] font-semibold text-white-900"
        >
          Latest news and updates
        </h2>
        <h3
          class="text-xl font-normal leading-7 text-grey mt-6 mb-8"
        >
          Eclipse Temurin offers high-performance, cross-platform, open-source Java runtime binaries that are enterprise-ready and Java SE TCK-tested for general use in the Java ecosystem.
        </h3>
        <a
          href="/news"
        >
          <button
            class="rounded-2xl bg-transparent gradient-border border-2 border-pink-500/0 text-white text-base leading-6 font-bold w-[154px] h-[48px] block "
          >
            See all news
          </button>
        </a>
      </div>
      <div
        class="max-w-[780px] w-full lg:flex gap-4 xl:gap-x-8 hidden  "
      >
        <div
          class="max-w-[374px] w-full lg:flex hidden flex-col space-y-4 xl:space-y-8"
        >
          <div
            class="bg-white bg-opacity-5 rounded-3xl border border-white border-opacity-50 backdrop-blur-xl p-8 xl:p-10"
          >
            <h2
              class="text-primary text-lg leading-6 font-bold m-0 flex items-center gap-x-3"
            >
              <svg
                fill="none"
                height="14"
                viewBox="0 0 14 14"
                width="14"
                xmlns="http://www.w3.org/2000/svg"
              >
                <rect
                  fill="#FF1464"
                  height="8"
                  rx="2"
                  width="8"
                  x="3"
                  y="3"
                />
                <rect
                  height="11"
                  rx="3.5"
                  stroke="#FF1464"
                  stroke-opacity="0.25"
                  stroke-width="3"
                  width="11"
                  x="1.5"
                  y="1.5"
                />
              </svg>
              News
            </h2>
            <p
              class="text-white text-lg xl:text-xl font-normal leading-6 xl:leading-7 my-2"
            >
              Mock Title 1
            </p>
            <span
              class="text-sm text-grey font-normal leading-5 block"
            >
              2021-01-01
            </span>
            <a
              class="py-3 text-base underline font-bold leading-6 text-white mt-2 block border-white w-fit"
            >
              Read More
            </a>
          </div>
          <div
            class="bg-white bg-opacity-5 rounded-3xl border border-white border-opacity-50 backdrop-blur-xl p-8 xl:p-10"
          >
            <h2
              class="text-primary text-lg leading-6 font-bold m-0 flex items-center gap-x-3"
            >
              <svg
                fill="none"
                height="14"
                viewBox="0 0 14 14"
                width="14"
                xmlns="http://www.w3.org/2000/svg"
              >
                <rect
                  fill="#FF1464"
                  height="8"
                  rx="2"
                  width="8"
                  x="3"
                  y="3"
                />
                <rect
                  height="11"
                  rx="3.5"
                  stroke="#FF1464"
                  stroke-opacity="0.25"
                  stroke-width="3"
                  width="11"
                  x="1.5"
                  y="1.5"
                />
              </svg>
              News
            </h2>
            <p
              class="text-white text-lg xl:text-xl font-normal leading-6 xl:leading-7 my-2"
            >
              Mock Title 2
            </p>
            <span
              class="text-sm text-grey font-normal leading-5 block"
            >
              2021-01-01
            </span>
            <a
              class="py-3 text-base underline font-bold leading-6 text-white mt-2 block border-white w-fit"
            >
              Read More
            </a>
          </div>
        </div>
        <div
          class="max-w-[374px] w-full lg:flex hidden flex-col space-y-4 xl:space-y-8 mt-16"
        >
          <div
            class="bg-white bg-opacity-5 rounded-3xl border border-white border-opacity-50 backdrop-blur-xl p-8 xl:p-10"
          >
            <h2
              class="text-primary text-lg leading-6 font-bold m-0 flex items-center gap-x-3"
            >
              <svg
                fill="none"
                height="14"
                viewBox="0 0 14 14"
                width="14"
                xmlns="http://www.w3.org/2000/svg"
              >
                <rect
                  fill="#FF1464"
                  height="8"
                  rx="2"
                  width="8"
                  x="3"
                  y="3"
                />
                <rect
                  height="11"
                  rx="3.5"
                  stroke="#FF1464"
                  stroke-opacity="0.25"
                  stroke-width="3"
                  width="11"
                  x="1.5"
                  y="1.5"
                />
              </svg>
              News
            </h2>
            <p
              class="text-white text-lg xl:text-xl font-normal leading-6 xl:leading-7 my-2"
            >
              Mock Title 3
            </p>
            <span
              class="text-sm text-grey font-normal leading-5 block"
            >
              2021-01-01
            </span>
            <a
              class="py-3 text-base underline font-bold leading-6 text-white mt-2 block border-white w-fit"
            >
              Read More
            </a>
          </div>
          <div
            class="bg-white bg-opacity-5 rounded-3xl border border-white border-opacity-50 backdrop-blur-xl p-8 xl:p-10"
          >
            <h2
              class="text-primary text-lg leading-6 font-bold m-0 flex items-center gap-x-3"
            >
              <svg
                fill="none"
                height="14"
                viewBox="0 0 14 14"
                width="14"
                xmlns="http://www.w3.org/2000/svg"
              >
                <rect
                  fill="#FF1464"
                  height="8"
                  rx="2"
                  width="8"
                  x="3"
                  y="3"
                />
                <rect
                  height="11"
                  rx="3.5"
                  stroke="#FF1464"
                  stroke-opacity="0.25"
                  stroke-width="3"
                  width="11"
                  x="1.5"
                  y="1.5"
                />
              </svg>
              News
            </h2>
            <p
              class="text-white text-lg xl:text-xl font-normal leading-6 xl:leading-7 my-2"
            >
              Mock Title 4
            </p>
            <span
              class="text-sm text-grey font-normal leading-5 block"
            >
              2021-01-01
            </span>
            <a
              class="py-3 text-base underline font-bold leading-6 text-white mt-2 block border-white w-fit"
            >
              Read More
            </a>
          </div>
        </div>
      </div>
      <div
        class="w-full flex relative lg:hidden"
      >
        <div
          class="overflow-hidden pl-6 max-w-full relative"
        >
          <div
            data-testid="Swiper"
          >
            <div
              data-testid="SwiperSlide"
            >
              <h2
                class="text-primary text-base leading-6 font-bold m-0 flex items-center gap-x-3"
              >
                <svg
                  fill="none"
                  height="14"
                  viewBox="0 0 14 14"
                  width="14"
                  xmlns="http://www.w3.org/2000/svg"
                >
                  <rect
                    fill="#FF1464"
                    height="8"
                    rx="2"
                    width="8"
                    x="3"
                    y="3"
                  />
                  <rect
                    height="11"
                    rx="3.5"
                    stroke="#FF1464"
                    stroke-opacity="0.25"
                    stroke-width="3"
                    width="11"
                    x="1.5"
                    y="1.5"
                  />
                </svg>
                News
              </h2>
              <p
                class="text-white text-xl  font-normal leading-7 mt-6"
              >
                Mock Title 1
              </p>
              <span
                class="text-sm text-grey font-normal leading-5 block mt-2 mb-6"
              >
                2021-01-01
              </span>
              <a
                class="py-3 text-base underline font-bold leading-6 text-white mt-2 block border-white w-fit"
              >
                Read More
              </a>
            </div>
            <div
              data-testid="SwiperSlide"
            >
              <h2
                class="text-primary text-base leading-6 font-bold m-0 flex items-center gap-x-3"
              >
                <svg
                  fill="none"
                  height="14"
                  viewBox="0 0 14 14"
                  width="14"
                  xmlns="http://www.w3.org/2000/svg"
                >
                  <rect
                    fill="#FF1464"
                    height="8"
                    rx="2"
                    width="8"
                    x="3"
                    y="3"
                  />
                  <rect
                    height="11"
                    rx="3.5"
                    stroke="#FF1464"
                    stroke-opacity="0.25"
                    stroke-width="3"
                    width="11"
                    x="1.5"
                    y="1.5"
                  />
                </svg>
                News
              </h2>
              <p
                class="text-white text-xl  font-normal leading-7 mt-6"
              >
                Mock Title 2
              </p>
              <span
                class="text-sm text-grey font-normal leading-5 block mt-2 mb-6"
              >
                2021-01-01
              </span>
              <a
                class="py-3 text-base underline font-bold leading-6 text-white mt-2 block border-white w-fit"
              >
                Read More
              </a>
            </div>
            <div
              data-testid="SwiperSlide"
            >
              <h2
                class="text-primary text-base leading-6 font-bold m-0 flex items-center gap-x-3"
              >
                <svg
                  fill="none"
                  height="14"
                  viewBox="0 0 14 14"
                  width="14"
                  xmlns="http://www.w3.org/2000/svg"
                >
                  <rect
                    fill="#FF1464"
                    height="8"
                    rx="2"
                    width="8"
                    x="3"
                    y="3"
                  />
                  <rect
                    height="11"
                    rx="3.5"
                    stroke="#FF1464"
                    stroke-opacity="0.25"
                    stroke-width="3"
                    width="11"
                    x="1.5"
                    y="1.5"
                  />
                </svg>
                News
              </h2>
              <p
                class="text-white text-xl  font-normal leading-7 mt-6"
              >
                Mock Title 3
              </p>
              <span
                class="text-sm text-grey font-normal leading-5 block mt-2 mb-6"
              >
                2021-01-01
              </span>
              <a
                class="py-3 text-base underline font-bold leading-6 text-white mt-2 block border-white w-fit"
              >
                Read More
              </a>
            </div>
            <div
              data-testid="SwiperSlide"
            >
              <h2
                class="text-primary text-base leading-6 font-bold m-0 flex items-center gap-x-3"
              >
                <svg
                  fill="none"
                  height="14"
                  viewBox="0 0 14 14"
                  width="14"
                  xmlns="http://www.w3.org/2000/svg"
                >
                  <rect
                    fill="#FF1464"
                    height="8"
                    rx="2"
                    width="8"
                    x="3"
                    y="3"
                  />
                  <rect
                    height="11"
                    rx="3.5"
                    stroke="#FF1464"
                    stroke-opacity="0.25"
                    stroke-width="3"
                    width="11"
                    x="1.5"
                    y="1.5"
                  />
                </svg>
                News
              </h2>
              <p
                class="text-white text-xl  font-normal leading-7 mt-6"
              >
                Mock Title 4
              </p>
              <span
                class="text-sm text-grey font-normal leading-5 block mt-2 mb-6"
              >
                2021-01-01
              </span>
              <a
                class="py-3 text-base underline font-bold leading-6 text-white mt-2 block border-white w-fit"
              >
                Read More
              </a>
            </div>
          </div>
          <div
            class="flex gap-4 items-center justify-center mt-16 mb-8"
          >
            <button
              aria-label="Previous News"
              class="text-white"
            >
              <svg
                fill="none"
                height="50"
                stroke="currentColor"
                stroke-linecap="round"
                stroke-linejoin="round"
                stroke-width="1"
                viewBox="0 0 24 24"
                width="50"
                xmlns="http://www.w3.org/2000/svg"
              >
                <circle
                  cx="12"
                  cy="12"
                  r="10"
                />
                <polyline
                  points="12 8 8 12 12 16"
                />
                <line
                  x1="16"
                  x2="8"
                  y1="12"
                  y2="12"
                />
              </svg>
            </button>
            <button
              aria-label="Next News"
              class="text-white"
            >
              <svg
                fill="none"
                height="50"
                stroke="currentColor"
                stroke-linecap="round"
                stroke-linejoin="round"
                stroke-width="1"
                viewBox="0 0 24 24"
                width="50"
                xmlns="http://www.w3.org/2000/svg"
              >
                <circle
                  cx="12"
                  cy="12"
                  r="10"
                />
                <polyline
                  points="12 16 16 12 12 8"
                />
                <line
                  x1="8"
                  x2="16"
                  y1="12"
                  y2="12"
                />
              </svg>
            </button>
          </div>
        </div>
      </div>
    </div>
  </div>
</div>
`;
