// Vitest Snapshot v1, https://vitest.dev/guide/snapshot.html

exports[`TagPage pages > renders correctly 1`] = `
<main>
  <section
    class="py-5 container"
  >
    <div
      class="row py-lg-5"
    >
      <div
        class="col-lg-9 col-md-9 mx-auto"
      >
        <h1>
          test
        </h1>
        <hr
          class="pb-5"
        />
        <article
          class="pb-3"
        >
          <header>
            <h2
              class="h3"
            >
              <a
                href="/mdx/mdx-page-title"
              >
                MDX Page title
              </a>
            </h2>
            <div
              class="flex justify-center items-center gap-5"
            >
              <img
                alt="Adoptium PMC"
                image="[object Object]"
                stlye="[object Object]"
                style="margin-left: 0.5rem; margin-bottom: 0px; min-width: 30px; border-radius: 100%;"
              />
              <span
                class="text-[16px] font-bold leading-[150%] text-white"
              >
                <a
                  href="/blog/author/pmc"
                >
                  <span
                    class="text-primary pr-2"
                  >
                    Adoptium PMC
                    ,
                  </span>
                   
                  2021-01-01
                </a>
              </span>
            </div>
          </header>
          <section>
            <p>
              MDX Page excerpt
               
              <a
                href="/mdx/mdx-page-title"
              >
                Read more
              </a>
            </p>
          </section>
        </article>
      </div>
    </div>
  </section>
</main>
`;
