// Vitest Snapshot v1, https://vitest.dev/guide/snapshot.html

exports[`FAQ component > renders correctly 1`] = `
<div>
  <div
    class="mx-auto max-w-[1264px] py-8 lg:py-12 px-4 xl:px-0 flex flex-col gap-[64px] lg:gap-3 items-center lg:items-start lg:flex-row justify-between undefined "
  >
    <div
      class=" md:max-w-[420px] bg-white bg-opacity-5 rounded-3xl border border-white border-opacity-50 backdrop-blur-xl  w-full  md:h-[552px] p-[24px] flex flex-col justify-between"
    >
      <div>
        <h3
          class="text-[30px]  sm:text-[40px] font-semibold leading-9 sm:leading-[48px]"
        >
          Frequently asked questions
        </h3>
        <p
          class="text-[20px] font-normal leading-[28px] text-grey mt-[24px]"
        >
          Eclipse Temurin offers high-performance, cross-platform, open-source Java runtime.
        </p>
      </div>
      <div>
        <p
          class="text-[20px] font-semibold"
        >
          Have a question that hasn’t been answered? Get in touch
        </p>
        <button
          class="rounded-2xl bg-transparent gradient-border border-2 border-pink-500/0 text-white text-base leading-6 font-bold w-[154px] h-[48px] block "
        >
          Contact Us
        </button>
      </div>
    </div>
    <div
      class="md:max-w-[780px] w-full"
    >
      <div>
        <div
          class="flex flex-col py-6 first:pt-0 border-[#3E3355] border-b "
        >
          <div
            class="flex justify-between gap-2 items-center cursor-pointer"
          >
            <h3
              class="text-[20px] font-semibold leading-[28px]"
            >
              Where are the latest Adoptium® JDKs?
            </h3>
            <span>
              <svg
                fill="none"
                height="48"
                viewBox="0 0 48 48"
                width="48"
                xmlns="http://www.w3.org/2000/svg"
              >
                <rect
                  height="46"
                  rx="23"
                  stroke="#3E3355"
                  stroke-width="2"
                  width="46"
                  x="1"
                  y="1"
                />
                <path
                  class=" transition duration-700 ease-in-out rotate-0"
                  d="M24 17V31"
                  stroke="white"
                  stroke-linecap="round"
                  stroke-linejoin="round"
                  stroke-width="1.5"
                />
                <path
                  d="M17 24H31"
                  stroke="white"
                  stroke-linecap="round"
                  stroke-linejoin="round"
                  stroke-width="1.5"
                />
              </svg>
            </span>
          </div>
          <div
            class="flex transition duration-700 ease-in-out items-center translate-y-7 opacity-0"
          />
        </div>
        <div
          class="flex flex-col py-6 first:pt-0 border-[#3E3355] border-b "
        >
          <div
            class="flex justify-between gap-2 items-center cursor-pointer"
          >
            <h3
              class="text-[20px] font-semibold leading-[28px]"
            >
              Where are the latest Adoptium® JDKs?
            </h3>
            <span>
              <svg
                fill="none"
                height="48"
                viewBox="0 0 48 48"
                width="48"
                xmlns="http://www.w3.org/2000/svg"
              >
                <rect
                  height="46"
                  rx="23"
                  stroke="#3E3355"
                  stroke-width="2"
                  width="46"
                  x="1"
                  y="1"
                />
                <path
                  class=" transition duration-700 ease-in-out rotate-0"
                  d="M24 17V31"
                  stroke="white"
                  stroke-linecap="round"
                  stroke-linejoin="round"
                  stroke-width="1.5"
                />
                <path
                  d="M17 24H31"
                  stroke="white"
                  stroke-linecap="round"
                  stroke-linejoin="round"
                  stroke-width="1.5"
                />
              </svg>
            </span>
          </div>
          <div
            class="flex transition duration-700 ease-in-out items-center translate-y-7 opacity-0"
          />
        </div>
        <div
          class="flex flex-col py-6 first:pt-0 border-[#3E3355] border-b "
        >
          <div
            class="flex justify-between gap-2 items-center cursor-pointer"
          >
            <h3
              class="text-[20px] font-semibold leading-[28px]"
            >
              Where are the latest Adoptium® JDKs?
            </h3>
            <span>
              <svg
                fill="none"
                height="48"
                viewBox="0 0 48 48"
                width="48"
                xmlns="http://www.w3.org/2000/svg"
              >
                <rect
                  height="46"
                  rx="23"
                  stroke="#3E3355"
                  stroke-width="2"
                  width="46"
                  x="1"
                  y="1"
                />
                <path
                  class=" transition duration-700 ease-in-out rotate-0"
                  d="M24 17V31"
                  stroke="white"
                  stroke-linecap="round"
                  stroke-linejoin="round"
                  stroke-width="1.5"
                />
                <path
                  d="M17 24H31"
                  stroke="white"
                  stroke-linecap="round"
                  stroke-linejoin="round"
                  stroke-width="1.5"
                />
              </svg>
            </span>
          </div>
          <div
            class="flex transition duration-700 ease-in-out items-center translate-y-7 opacity-0"
          />
        </div>
        <div
          class="flex flex-col py-6 first:pt-0 border-[#3E3355] border-b "
        >
          <div
            class="flex justify-between gap-2 items-center cursor-pointer"
          >
            <h3
              class="text-[20px] font-semibold leading-[28px]"
            >
              Where are the latest Adoptium® JDKs?
            </h3>
            <span>
              <svg
                fill="none"
                height="48"
                viewBox="0 0 48 48"
                width="48"
                xmlns="http://www.w3.org/2000/svg"
              >
                <rect
                  height="46"
                  rx="23"
                  stroke="#3E3355"
                  stroke-width="2"
                  width="46"
                  x="1"
                  y="1"
                />
                <path
                  class=" transition duration-700 ease-in-out rotate-0"
                  d="M24 17V31"
                  stroke="white"
                  stroke-linecap="round"
                  stroke-linejoin="round"
                  stroke-width="1.5"
                />
                <path
                  d="M17 24H31"
                  stroke="white"
                  stroke-linecap="round"
                  stroke-linejoin="round"
                  stroke-width="1.5"
                />
              </svg>
            </span>
          </div>
          <div
            class="flex transition duration-700 ease-in-out items-center translate-y-7 opacity-0"
          />
        </div>
        <div
          class="flex flex-col py-6 first:pt-0 border-[#3E3355] border-b "
        >
          <div
            class="flex justify-between gap-2 items-center cursor-pointer"
          >
            <h3
              class="text-[20px] font-semibold leading-[28px]"
            >
              Where are the latest Adoptium® JDKs?
            </h3>
            <span>
              <svg
                fill="none"
                height="48"
                viewBox="0 0 48 48"
                width="48"
                xmlns="http://www.w3.org/2000/svg"
              >
                <rect
                  height="46"
                  rx="23"
                  stroke="#3E3355"
                  stroke-width="2"
                  width="46"
                  x="1"
                  y="1"
                />
                <path
                  class=" transition duration-700 ease-in-out rotate-0"
                  d="M24 17V31"
                  stroke="white"
                  stroke-linecap="round"
                  stroke-linejoin="round"
                  stroke-width="1.5"
                />
                <path
                  d="M17 24H31"
                  stroke="white"
                  stroke-linecap="round"
                  stroke-linejoin="round"
                  stroke-width="1.5"
                />
              </svg>
            </span>
          </div>
          <div
            class="flex transition duration-700 ease-in-out items-center translate-y-7 opacity-0"
          />
        </div>
        <div
          class="flex flex-col py-6 first:pt-0 border-[#3E3355] border-b "
        >
          <div
            class="flex justify-between gap-2 items-center cursor-pointer"
          >
            <h3
              class="text-[20px] font-semibold leading-[28px]"
            >
              Where are the latest Adoptium® JDKs?
            </h3>
            <span>
              <svg
                fill="none"
                height="48"
                viewBox="0 0 48 48"
                width="48"
                xmlns="http://www.w3.org/2000/svg"
              >
                <rect
                  height="46"
                  rx="23"
                  stroke="#3E3355"
                  stroke-width="2"
                  width="46"
                  x="1"
                  y="1"
                />
                <path
                  class=" transition duration-700 ease-in-out rotate-0"
                  d="M24 17V31"
                  stroke="white"
                  stroke-linecap="round"
                  stroke-linejoin="round"
                  stroke-width="1.5"
                />
                <path
                  d="M17 24H31"
                  stroke="white"
                  stroke-linecap="round"
                  stroke-linejoin="round"
                  stroke-width="1.5"
                />
              </svg>
            </span>
          </div>
          <div
            class="flex transition duration-700 ease-in-out items-center translate-y-7 opacity-0"
          />
        </div>
      </div>
    </div>
  </div>
</div>
`;
