// Vitest Snapshot v1, https://vitest.dev/guide/snapshot.html

exports[`LinkText component > external URL renders correctly 1`] = `
<div>
  <a
    href="https://external-link.com"
    rel="noreferrer"
    target="_blank"
  >
    External Link
  </a>
</div>
`;

exports[`LinkText component > internal link renders correctly 1`] = `
<div>
  <a
    href="/en/page1"
  >
    Page 1
  </a>
</div>
`;
