// Vitest Snapshot v1, https://vitest.dev/guide/snapshot.html

exports[`DocumentationCard component > does not render when links is not object 1`] = `<div />`;

exports[`DocumentationCard component > does not render without a Icon 1`] = `<div />`;

exports[`DocumentationCard component > does not render without a title 1`] = `<div />`;

exports[`DocumentationCard component > renders correctly 1`] = `
<div>
  <div
    class="w-full lg:w-1/3 p-3"
  >
    <div
      class="bg-white bg-opacity-5 rounded-3xl border-2 border-white border-opacity-50 shadow-sm overflow-hidden"
    >
      <div
        class="p-4"
      >
        <p
          class="mb-3 text-xl font-semibold flex items-center"
        >
          <span
            class="inline-block mr-2"
          >
            <svg
              class="text-pink"
              fill="currentColor"
              height="1em"
              stroke="currentColor"
              stroke-width="0"
              viewBox="0 0 512 512"
              width="1em"
              xmlns="http://www.w3.org/2000/svg"
            >
              <path
                d="M216 0h80c13.3 0 24 10.7 24 24v168h87.7c17.8 0 26.7 21.5 14.1 34.1L269.7 378.3c-7.5 7.5-19.8 7.5-27.3 0L90.1 226.1c-12.6-12.6-3.7-34.1 14.1-34.1H192V24c0-13.3 10.7-24 24-24zm296 376v112c0 13.3-10.7 24-24 24H24c-13.3 0-24-10.7-24-24V376c0-13.3 10.7-24 24-24h146.7l49 49c20.1 20.1 52.5 20.1 72.6 0l49-49H488c13.3 0 24 10.7 24 24zm-124 88c0-11-9-20-20-20s-20 9-20 20 9 20 20 20 20-9 20-20zm64 0c0-11-9-20-20-20s-20 9-20 20 9 20 20 20 20-9 20-20z"
              />
            </svg>
          </span>
          <span>
            Test Title
          </span>
        </p>
        <div
          class="divide-y divide-gray-200"
        >
          <a
            class="block px-4 py-2 hover:bg-white hover:bg-opacity-10"
            href="/link1"
          >
            Link1
          </a>
          <a
            class="px-4 py-2 hover:bg-white hover:bg-opacity-10 flex justify-between items-center"
            href="https://external-link"
            rel="noopener noreferrer"
            target="_blank"
          >
            Link2
             
            <svg
              fill="currentColor"
              height="13"
              stroke="currentColor"
              stroke-width="0"
              viewBox="0 0 512 512"
              width="13"
              xmlns="http://www.w3.org/2000/svg"
            >
              <path
                d="M432,320H400a16,16,0,0,0-16,16V448H64V128H208a16,16,0,0,0,16-16V80a16,16,0,0,0-16-16H48A48,48,0,0,0,0,112V464a48,48,0,0,0,48,48H400a48,48,0,0,0,48-48V336A16,16,0,0,0,432,320ZM488,0h-128c-21.37,0-32.05,25.91-17,41l35.73,35.73L135,320.37a24,24,0,0,0,0,34L157.67,377a24,24,0,0,0,34,0L435.28,133.32,471,169c15,15,41,4.5,41-17V24A24,24,0,0,0,488,0Z"
              />
            </svg>
          </a>
        </div>
      </div>
    </div>
  </div>
</div>
`;
