// Vitest Snapshot v1

exports[`Byline component > should render correctly 1`] = `
<div>
  <div
    class="byline"
    style="display: flex; align-items: center; margin-top: 1rem; margin-bottom: 1rem; text-decoration: none;"
  >
    2021-01-01
     – posted by   
    <a
      href="/news/author/pmc"
    >
      Adoptium PMC
    </a>
     
    <img
      image="[object Object]"
      stlye="[object Object]"
      style="margin-left: 0.5rem; margin-bottom: 0px; min-width: 30px; border-radius: 100%;"
    />
  </div>
</div>
`;
