// Vitest Snapshot v1, https://vitest.dev/guide/snapshot.html

exports[`ReleaseNotesRender component > should render correctly - no release notes 1`] = `
<div>
  <div
    class="text-center"
  >
    <h2>
      version
    </h2>
    <div
      class="pt-3"
      style="display: flex; height: 100%;"
    >
      <div
        style="flex-grow: 1;"
      >
        <h2>
          Oops... We couldn't find those release notes
        </h2>
        <span>
          Please ensure that you have a specified a version using the version URL parameter: 
          <code>
            ?version=x.x.x
          </code>
        </span>
      </div>
    </div>
  </div>
</div>
`;

exports[`ReleaseNotesRender component > should render correctly - version not defined 1`] = `
<div>
  <div
    class="text-center"
  >
    <h2 />
    <div
      class="pt-3"
      style="display: flex; height: 100%;"
    >
      <div
        style="flex-grow: 1;"
      >
        <h2>
          Oops... We couldn't find those release notes
        </h2>
        <span>
          Please ensure that you have a specified a version using the version URL parameter: 
          <code>
            ?version=x.x.x
          </code>
        </span>
      </div>
    </div>
  </div>
</div>
`;

exports[`ReleaseNotesRender component > should render correctly 1`] = `
<div>
  <div
    class="text-center"
  >
    <h2>
      jdk-17.0.1+12
    </h2>
    <div
      class="pt-3"
      style="display: flex; height: 100%;"
    >
      <div
        style="flex-grow: 1;"
      >
        <p>
          This section organizes the changes in the selected update release by the main component under which each issue is filed.
        </p>
        <p>
          <strong>
            The total number of fixes marked as P1 is: 2
          </strong>
        </p>
        <div
          aria-label="Release Notes"
          class="MuiDataGrid-root MuiDataGrid-autoHeight MuiDataGrid-root--densityStandard MuiDataGrid-withBorderColor css-13spggd-MuiDataGrid-root"
          style="--DataGrid-width: 0px; --DataGrid-hasScrollX: 1; --DataGrid-hasScrollY: 0; --DataGrid-scrollbarSize: 0px; --DataGrid-rowWidth: 1300px; --DataGrid-columnsTotalWidth: 1300px; --DataGrid-leftPinnedWidth: 0px; --DataGrid-rightPinnedWidth: 0px; --DataGrid-headerHeight: 56px; --DataGrid-headersTotalHeight: 56px; --DataGrid-topContainerHeight: 56px; --DataGrid-bottomContainerHeight: 0px; --height: 52px;"
        >
          <div
            class="css-qtdhae"
            data-id="gridPanelAnchor"
            role="presentation"
          />
          <div
            class="MuiDataGrid-toolbarContainer css-128fb87-MuiDataGrid-toolbarContainer"
          >
            <button
              aria-expanded="false"
              aria-haspopup="true"
              aria-label="Show filters"
              class="MuiButtonBase-root MuiButton-root MuiButton-text MuiButton-textPrimary MuiButton-sizeSmall MuiButton-textSizeSmall MuiButton-colorPrimary MuiButton-root MuiButton-text MuiButton-textPrimary MuiButton-sizeSmall MuiButton-textSizeSmall MuiButton-colorPrimary css-1knaqv7-MuiButtonBase-root-MuiButton-root"
              data-mui-internal-clone-element="true"
              id=":r0:"
              tabindex="0"
              type="button"
            >
              <span
                class="MuiButton-icon MuiButton-startIcon MuiButton-iconSizeSmall css-y6rp3m-MuiButton-startIcon"
              >
                <span
                  class="MuiBadge-root css-1c32n2y-MuiBadge-root"
                >
                  <svg
                    aria-hidden="true"
                    class="MuiSvgIcon-root MuiSvgIcon-fontSizeMedium css-i4bv87-MuiSvgIcon-root"
                    data-testid="FilterListIcon"
                    focusable="false"
                    viewBox="0 0 24 24"
                  >
                    <path
                      d="M10 18h4v-2h-4v2zM3 6v2h18V6H3zm3 7h12v-2H6v2z"
                    />
                  </svg>
                  <span
                    class="MuiBadge-badge MuiBadge-standard MuiBadge-invisible MuiBadge-anchorOriginTopRight MuiBadge-anchorOriginTopRightRectangular MuiBadge-overlapRectangular MuiBadge-colorPrimary css-y2h6q0-MuiBadge-badge"
                  >
                    0
                  </span>
                </span>
              </span>
              Filters
              <span
                class="MuiTouchRipple-root css-8je8zh-MuiTouchRipple-root"
              />
            </button>
          </div>
          <div
            aria-colcount="5"
            aria-multiselectable="false"
            aria-rowcount="3"
            class="MuiDataGrid-main css-3eek4p-MuiDataGrid-main"
            role="grid"
            tabindex="-1"
          >
            <div
              class="MuiDataGrid-virtualScroller css-1793420-MuiDataGrid-virtualScroller"
              role="presentation"
              style="overflow-x: hidden; overflow-y: hidden;"
              tabindex="-1"
            >
              <div
                class="MuiDataGrid-topContainer MuiDataGrid-container--top css-1oudwrl"
                role="presentation"
              >
                <div
                  class="MuiDataGrid-columnHeaders css-1pmk00y-MuiDataGrid-columnHeaders"
                  role="presentation"
                >
                  <div
                    aria-rowindex="1"
                    class="css-yrdy0g-MuiDataGrid-columnHeaderRow"
                    role="row"
                  >
                    <div
                      role="presentation"
                      style="width: 0px;"
                    />
                    <div
                      aria-colindex="1"
                      aria-label="Priority"
                      aria-sort="ascending"
                      class="MuiDataGrid-columnHeader MuiDataGrid-columnHeader--sortable MuiDataGrid-columnHeader--sorted MuiDataGrid-withBorderColor"
                      data-field="priority"
                      role="columnheader"
                      style="height: 56px; width: 100px; min-width: 100px; max-width: 100px;"
                      tabindex="0"
                    >
                      <div
                        class="MuiDataGrid-columnHeaderDraggableContainer"
                        draggable="false"
                        role="presentation"
                      >
                        <div
                          class="MuiDataGrid-columnHeaderTitleContainer"
                          role="presentation"
                        >
                          <div
                            class="MuiDataGrid-columnHeaderTitleContainerContent"
                          >
                            <div
                              aria-label=""
                              class="MuiDataGrid-columnHeaderTitle css-t89xny-MuiDataGrid-columnHeaderTitle"
                              data-mui-internal-clone-element="true"
                            >
                              Priority
                            </div>
                          </div>
                          <div
                            class="MuiDataGrid-iconButtonContainer css-ltf0zy-MuiDataGrid-iconButtonContainer"
                          >
                            <button
                              aria-label="Sort"
                              class="MuiButtonBase-root MuiIconButton-root MuiIconButton-sizeSmall css-1pe4mpk-MuiButtonBase-root-MuiIconButton-root"
                              tabindex="-1"
                              title="Sort"
                              type="button"
                            >
                              <svg
                                aria-hidden="true"
                                class="MuiSvgIcon-root MuiSvgIcon-fontSizeSmall MuiDataGrid-sortIcon css-ptiqhd-MuiSvgIcon-root"
                                data-testid="ArrowUpwardIcon"
                                focusable="false"
                                viewBox="0 0 24 24"
                              >
                                <path
                                  d="M4 12l1.41 1.41L11 7.83V20h2V7.83l5.58 5.59L20 12l-8-8-8 8z"
                                />
                              </svg>
                              <span
                                class="MuiTouchRipple-root css-8je8zh-MuiTouchRipple-root"
                              />
                            </button>
                          </div>
                        </div>
                        <div
                          class="MuiDataGrid-menuIcon"
                        >
                          <button
                            aria-expanded="false"
                            aria-haspopup="menu"
                            aria-label="Menu"
                            class="MuiButtonBase-root MuiIconButton-root MuiIconButton-sizeSmall MuiDataGrid-menuIconButton css-1pe4mpk-MuiButtonBase-root-MuiIconButton-root"
                            data-mui-internal-clone-element="true"
                            id=":r7:"
                            tabindex="-1"
                            type="button"
                          >
                            <svg
                              aria-hidden="true"
                              class="MuiSvgIcon-root MuiSvgIcon-fontSizeSmall css-ptiqhd-MuiSvgIcon-root"
                              data-testid="TripleDotsVerticalIcon"
                              focusable="false"
                              viewBox="0 0 24 24"
                            >
                              <path
                                d="M12 8c1.1 0 2-.9 2-2s-.9-2-2-2-2 .9-2 2 .9 2 2 2zm0 2c-1.1 0-2 .9-2 2s.9 2 2 2 2-.9 2-2-.9-2-2-2zm0 6c-1.1 0-2 .9-2 2s.9 2 2 2 2-.9 2-2-.9-2-2-2z"
                              />
                            </svg>
                            <span
                              class="MuiTouchRipple-root css-8je8zh-MuiTouchRipple-root"
                            />
                          </button>
                        </div>
                      </div>
                      <div
                        class="MuiDataGrid-columnSeparator MuiDataGrid-columnSeparator--resizable MuiDataGrid-columnSeparator--sideRight"
                        style="min-height: 56px; opacity: 1;"
                      >
                        <svg
                          aria-hidden="true"
                          class="MuiSvgIcon-root MuiSvgIcon-fontSizeMedium MuiDataGrid-iconSeparator css-i4bv87-MuiSvgIcon-root"
                          data-testid="SeparatorIcon"
                          focusable="false"
                          viewBox="0 0 24 24"
                        >
                          <path
                            d="M11 19V5h2v14z"
                          />
                        </svg>
                      </div>
                    </div>
                    <div
                      aria-colindex="2"
                      aria-label="Type"
                      aria-sort="none"
                      class="MuiDataGrid-columnHeader MuiDataGrid-withBorderColor"
                      data-field="type"
                      role="columnheader"
                      style="height: 56px; width: 100px; min-width: 100px; max-width: 100px;"
                      tabindex="-1"
                    >
                      <div
                        class="MuiDataGrid-columnHeaderDraggableContainer"
                        draggable="false"
                        role="presentation"
                      >
                        <div
                          class="MuiDataGrid-columnHeaderTitleContainer"
                          role="presentation"
                        >
                          <div
                            class="MuiDataGrid-columnHeaderTitleContainerContent"
                          >
                            <div
                              aria-label=""
                              class="MuiDataGrid-columnHeaderTitle css-t89xny-MuiDataGrid-columnHeaderTitle"
                              data-mui-internal-clone-element="true"
                            >
                              Type
                            </div>
                          </div>
                        </div>
                        <div
                          class="MuiDataGrid-menuIcon"
                        >
                          <button
                            aria-expanded="false"
                            aria-haspopup="menu"
                            aria-label="Menu"
                            class="MuiButtonBase-root MuiIconButton-root MuiIconButton-sizeSmall MuiDataGrid-menuIconButton css-1pe4mpk-MuiButtonBase-root-MuiIconButton-root"
                            data-mui-internal-clone-element="true"
                            id=":rd:"
                            tabindex="-1"
                            type="button"
                          >
                            <svg
                              aria-hidden="true"
                              class="MuiSvgIcon-root MuiSvgIcon-fontSizeSmall css-ptiqhd-MuiSvgIcon-root"
                              data-testid="TripleDotsVerticalIcon"
                              focusable="false"
                              viewBox="0 0 24 24"
                            >
                              <path
                                d="M12 8c1.1 0 2-.9 2-2s-.9-2-2-2-2 .9-2 2 .9 2 2 2zm0 2c-1.1 0-2 .9-2 2s.9 2 2 2 2-.9 2-2-.9-2-2-2zm0 6c-1.1 0-2 .9-2 2s.9 2 2 2 2-.9 2-2-.9-2-2-2z"
                              />
                            </svg>
                            <span
                              class="MuiTouchRipple-root css-8je8zh-MuiTouchRipple-root"
                            />
                          </button>
                        </div>
                      </div>
                      <div
                        class="MuiDataGrid-columnSeparator MuiDataGrid-columnSeparator--resizable MuiDataGrid-columnSeparator--sideRight"
                        style="min-height: 56px; opacity: 1;"
                      >
                        <svg
                          aria-hidden="true"
                          class="MuiSvgIcon-root MuiSvgIcon-fontSizeMedium MuiDataGrid-iconSeparator css-i4bv87-MuiSvgIcon-root"
                          data-testid="SeparatorIcon"
                          focusable="false"
                          viewBox="0 0 24 24"
                        >
                          <path
                            d="M11 19V5h2v14z"
                          />
                        </svg>
                      </div>
                    </div>
                    <div
                      aria-colindex="3"
                      aria-label="Component"
                      aria-sort="none"
                      class="MuiDataGrid-columnHeader MuiDataGrid-withBorderColor"
                      data-field="component"
                      role="columnheader"
                      style="height: 56px; width: 150px; min-width: 150px; max-width: 150px;"
                      tabindex="-1"
                    >
                      <div
                        class="MuiDataGrid-columnHeaderDraggableContainer"
                        draggable="false"
                        role="presentation"
                      >
                        <div
                          class="MuiDataGrid-columnHeaderTitleContainer"
                          role="presentation"
                        >
                          <div
                            class="MuiDataGrid-columnHeaderTitleContainerContent"
                          >
                            <div
                              aria-label=""
                              class="MuiDataGrid-columnHeaderTitle css-t89xny-MuiDataGrid-columnHeaderTitle"
                              data-mui-internal-clone-element="true"
                            >
                              Component
                            </div>
                          </div>
                        </div>
                        <div
                          class="MuiDataGrid-menuIcon"
                        >
                          <button
                            aria-expanded="false"
                            aria-haspopup="menu"
                            aria-label="Menu"
                            class="MuiButtonBase-root MuiIconButton-root MuiIconButton-sizeSmall MuiDataGrid-menuIconButton css-1pe4mpk-MuiButtonBase-root-MuiIconButton-root"
                            data-mui-internal-clone-element="true"
                            id=":rj:"
                            tabindex="-1"
                            type="button"
                          >
                            <svg
                              aria-hidden="true"
                              class="MuiSvgIcon-root MuiSvgIcon-fontSizeSmall css-ptiqhd-MuiSvgIcon-root"
                              data-testid="TripleDotsVerticalIcon"
                              focusable="false"
                              viewBox="0 0 24 24"
                            >
                              <path
                                d="M12 8c1.1 0 2-.9 2-2s-.9-2-2-2-2 .9-2 2 .9 2 2 2zm0 2c-1.1 0-2 .9-2 2s.9 2 2 2 2-.9 2-2-.9-2-2-2zm0 6c-1.1 0-2 .9-2 2s.9 2 2 2 2-.9 2-2-.9-2-2-2z"
                              />
                            </svg>
                            <span
                              class="MuiTouchRipple-root css-8je8zh-MuiTouchRipple-root"
                            />
                          </button>
                        </div>
                      </div>
                      <div
                        class="MuiDataGrid-columnSeparator MuiDataGrid-columnSeparator--resizable MuiDataGrid-columnSeparator--sideRight"
                        style="min-height: 56px; opacity: 1;"
                      >
                        <svg
                          aria-hidden="true"
                          class="MuiSvgIcon-root MuiSvgIcon-fontSizeMedium MuiDataGrid-iconSeparator css-i4bv87-MuiSvgIcon-root"
                          data-testid="SeparatorIcon"
                          focusable="false"
                          viewBox="0 0 24 24"
                        >
                          <path
                            d="M11 19V5h2v14z"
                          />
                        </svg>
                      </div>
                    </div>
                    <div
                      aria-colindex="4"
                      aria-label="Issue"
                      aria-sort="none"
                      class="MuiDataGrid-columnHeader MuiDataGrid-withBorderColor"
                      data-field="id"
                      role="columnheader"
                      style="height: 56px; width: 150px; min-width: 150px; max-width: 150px;"
                      tabindex="-1"
                    >
                      <div
                        class="MuiDataGrid-columnHeaderDraggableContainer"
                        draggable="false"
                        role="presentation"
                      >
                        <div
                          class="MuiDataGrid-columnHeaderTitleContainer"
                          role="presentation"
                        >
                          <div
                            class="MuiDataGrid-columnHeaderTitleContainerContent"
                          >
                            <div
                              aria-label=""
                              class="MuiDataGrid-columnHeaderTitle css-t89xny-MuiDataGrid-columnHeaderTitle"
                              data-mui-internal-clone-element="true"
                            >
                              Issue
                            </div>
                          </div>
                        </div>
                        <div
                          class="MuiDataGrid-menuIcon"
                        >
                          <button
                            aria-expanded="false"
                            aria-haspopup="menu"
                            aria-label="Menu"
                            class="MuiButtonBase-root MuiIconButton-root MuiIconButton-sizeSmall MuiDataGrid-menuIconButton css-1pe4mpk-MuiButtonBase-root-MuiIconButton-root"
                            data-mui-internal-clone-element="true"
                            id=":rp:"
                            tabindex="-1"
                            type="button"
                          >
                            <svg
                              aria-hidden="true"
                              class="MuiSvgIcon-root MuiSvgIcon-fontSizeSmall css-ptiqhd-MuiSvgIcon-root"
                              data-testid="TripleDotsVerticalIcon"
                              focusable="false"
                              viewBox="0 0 24 24"
                            >
                              <path
                                d="M12 8c1.1 0 2-.9 2-2s-.9-2-2-2-2 .9-2 2 .9 2 2 2zm0 2c-1.1 0-2 .9-2 2s.9 2 2 2 2-.9 2-2-.9-2-2-2zm0 6c-1.1 0-2 .9-2 2s.9 2 2 2 2-.9 2-2-.9-2-2-2z"
                              />
                            </svg>
                            <span
                              class="MuiTouchRipple-root css-8je8zh-MuiTouchRipple-root"
                            />
                          </button>
                        </div>
                      </div>
                      <div
                        class="MuiDataGrid-columnSeparator MuiDataGrid-columnSeparator--resizable MuiDataGrid-columnSeparator--sideRight"
                        style="min-height: 56px; opacity: 1;"
                      >
                        <svg
                          aria-hidden="true"
                          class="MuiSvgIcon-root MuiSvgIcon-fontSizeMedium MuiDataGrid-iconSeparator css-i4bv87-MuiSvgIcon-root"
                          data-testid="SeparatorIcon"
                          focusable="false"
                          viewBox="0 0 24 24"
                        >
                          <path
                            d="M11 19V5h2v14z"
                          />
                        </svg>
                      </div>
                    </div>
                    <div
                      aria-colindex="5"
                      aria-label="Title"
                      aria-sort="none"
                      class="MuiDataGrid-columnHeader MuiDataGrid-withBorderColor MuiDataGrid-columnHeader--last"
                      data-field="title"
                      role="columnheader"
                      style="height: 56px; width: 800px; min-width: 800px; max-width: 800px;"
                      tabindex="-1"
                    >
                      <div
                        class="MuiDataGrid-columnHeaderDraggableContainer"
                        draggable="false"
                        role="presentation"
                      >
                        <div
                          class="MuiDataGrid-columnHeaderTitleContainer"
                          role="presentation"
                        >
                          <div
                            class="MuiDataGrid-columnHeaderTitleContainerContent"
                          >
                            <div
                              aria-label=""
                              class="MuiDataGrid-columnHeaderTitle css-t89xny-MuiDataGrid-columnHeaderTitle"
                              data-mui-internal-clone-element="true"
                            >
                              Title
                            </div>
                          </div>
                        </div>
                        <div
                          class="MuiDataGrid-menuIcon"
                        >
                          <button
                            aria-expanded="false"
                            aria-haspopup="menu"
                            aria-label="Menu"
                            class="MuiButtonBase-root MuiIconButton-root MuiIconButton-sizeSmall MuiDataGrid-menuIconButton css-1pe4mpk-MuiButtonBase-root-MuiIconButton-root"
                            data-mui-internal-clone-element="true"
                            id=":rv:"
                            tabindex="-1"
                            type="button"
                          >
                            <svg
                              aria-hidden="true"
                              class="MuiSvgIcon-root MuiSvgIcon-fontSizeSmall css-ptiqhd-MuiSvgIcon-root"
                              data-testid="TripleDotsVerticalIcon"
                              focusable="false"
                              viewBox="0 0 24 24"
                            >
                              <path
                                d="M12 8c1.1 0 2-.9 2-2s-.9-2-2-2-2 .9-2 2 .9 2 2 2zm0 2c-1.1 0-2 .9-2 2s.9 2 2 2 2-.9 2-2-.9-2-2-2zm0 6c-1.1 0-2 .9-2 2s.9 2 2 2 2-.9 2-2-.9-2-2-2z"
                              />
                            </svg>
                            <span
                              class="MuiTouchRipple-root css-8je8zh-MuiTouchRipple-root"
                            />
                          </button>
                        </div>
                      </div>
                      <div
                        class="MuiDataGrid-columnSeparator MuiDataGrid-columnSeparator--resizable MuiDataGrid-columnSeparator--sideRight"
                        style="min-height: 56px; opacity: 1;"
                      >
                        <svg
                          aria-hidden="true"
                          class="MuiSvgIcon-root MuiSvgIcon-fontSizeMedium MuiDataGrid-iconSeparator css-i4bv87-MuiSvgIcon-root"
                          data-testid="SeparatorIcon"
                          focusable="false"
                          viewBox="0 0 24 24"
                        >
                          <path
                            d="M11 19V5h2v14z"
                          />
                        </svg>
                      </div>
                    </div>
                    <div
                      class="MuiDataGrid-filler"
                      role="presentation"
                    />
                    <div
                      class="MuiDataGrid-scrollbarFiller MuiDataGrid-scrollbarFiller--header"
                      role="presentation"
                    />
                  </div>
                </div>
              </div>
              <div
                class="MuiDataGrid-virtualScrollerContent css-1kwdphh-MuiDataGrid-virtualScrollerContent"
                role="presentation"
                style="width: auto; height: 0px;"
              >
                <div
                  class="MuiDataGrid-virtualScrollerRenderZone css-s1v7zr-MuiDataGrid-virtualScrollerRenderZone"
                  role="rowgroup"
                  style="transform: translate3d(0, 0px, 0);"
                >
                  <div
                    aria-rowindex="2"
                    aria-selected="false"
                    class="MuiDataGrid-row MuiDataGrid-row--firstVisible MuiDataGrid-row--dynamicHeight"
                    data-id="0"
                    data-rowindex="0"
                    role="row"
                    style="max-height: none; min-height: auto; --height: auto;"
                  >
                    <div
                      class="MuiDataGrid-cellOffsetLeft"
                      role="presentation"
                      style="width: 0px;"
                    />
                    <div
                      aria-colindex="1"
                      aria-colspan="1"
                      class="MuiDataGrid-cell MuiDataGrid-cell--textLeft"
                      data-colindex="0"
                      data-field="priority"
                      role="gridcell"
                      style="--width: 100px;"
                      tabindex="-1"
                    >
                      <span
                        class="badge bg-secondary priority-1"
                        title="P1 - Blocks development and/or testing work, production could not run."
                      >
                        P1
                      </span>
                    </div>
                    <div
                      aria-colindex="2"
                      aria-colspan="1"
                      class="MuiDataGrid-cell MuiDataGrid-cell--textLeft"
                      data-colindex="1"
                      data-field="type"
                      role="gridcell"
                      style="--width: 100px;"
                      tabindex="-1"
                    >
                      <span>
                        Bug
                      </span>
                    </div>
                    <div
                      aria-colindex="3"
                      aria-colspan="1"
                      class="MuiDataGrid-cell MuiDataGrid-cell--textLeft"
                      data-colindex="2"
                      data-field="component"
                      role="gridcell"
                      style="--width: 150px;"
                      tabindex="-1"
                      title="component_mock"
                    >
                      component_mock
                    </div>
                    <div
                      aria-colindex="4"
                      aria-colspan="1"
                      class="MuiDataGrid-cell MuiDataGrid-cell--textLeft"
                      data-colindex="3"
                      data-field="id"
                      role="gridcell"
                      style="--width: 150px;"
                      tabindex="-1"
                    >
                      <a
                        href="https://link_mock/"
                        rel="noopener noreferrer"
                        target="_blank"
                      >
                        0
                      </a>
                    </div>
                    <div
                      aria-colindex="5"
                      aria-colspan="1"
                      class="MuiDataGrid-cell MuiDataGrid-cell--textLeft"
                      data-colindex="4"
                      data-field="title"
                      role="gridcell"
                      style="--width: 800px;"
                      tabindex="-1"
                      title="title_mock"
                    >
                      title_mock
                    </div>
                  </div>
                  <div
                    aria-rowindex="3"
                    aria-selected="false"
                    class="MuiDataGrid-row MuiDataGrid-row--lastVisible MuiDataGrid-row--dynamicHeight"
                    data-id="1"
                    data-rowindex="1"
                    role="row"
                    style="max-height: none; min-height: auto; --height: auto;"
                  >
                    <div
                      class="MuiDataGrid-cellOffsetLeft"
                      role="presentation"
                      style="width: 0px;"
                    />
                    <div
                      aria-colindex="1"
                      aria-colspan="1"
                      class="MuiDataGrid-cell MuiDataGrid-cell--textLeft"
                      data-colindex="0"
                      data-field="priority"
                      role="gridcell"
                      style="--width: 100px;"
                      tabindex="-1"
                    >
                      <span
                        class="badge bg-secondary priority-1"
                        title="P1 - Blocks development and/or testing work, production could not run."
                      >
                        P1
                      </span>
                    </div>
                    <div
                      aria-colindex="2"
                      aria-colspan="1"
                      class="MuiDataGrid-cell MuiDataGrid-cell--textLeft"
                      data-colindex="1"
                      data-field="type"
                      role="gridcell"
                      style="--width: 100px;"
                      tabindex="-1"
                    >
                      <span>
                        Bug
                      </span>
                    </div>
                    <div
                      aria-colindex="3"
                      aria-colspan="1"
                      class="MuiDataGrid-cell MuiDataGrid-cell--textLeft"
                      data-colindex="2"
                      data-field="component"
                      role="gridcell"
                      style="--width: 150px;"
                      tabindex="-1"
                      title="component_mock"
                    >
                      component_mock
                    </div>
                    <div
                      aria-colindex="4"
                      aria-colspan="1"
                      class="MuiDataGrid-cell MuiDataGrid-cell--textLeft"
                      data-colindex="3"
                      data-field="id"
                      role="gridcell"
                      style="--width: 150px;"
                      tabindex="-1"
                    >
                      <a
                        href="https://link_mock/"
                        rel="noopener noreferrer"
                        target="_blank"
                      >
                        1
                      </a>
                    </div>
                    <div
                      aria-colindex="5"
                      aria-colspan="1"
                      class="MuiDataGrid-cell MuiDataGrid-cell--textLeft"
                      data-colindex="4"
                      data-field="title"
                      role="gridcell"
                      style="--width: 800px;"
                      tabindex="-1"
                      title="title_mock"
                    >
                      title_mock
                    </div>
                  </div>
                </div>
              </div>
              <div
                class="MuiDataGrid-bottomContainer MuiDataGrid-container--bottom css-14egwce"
                role="presentation"
              />
            </div>
            <div
              class="MuiDataGrid-scrollbar MuiDataGrid-scrollbar--horizontal css-1rtad1"
              tabindex="-1"
            >
              <div
                class="MuiDataGrid-scrollbarContent css-1baulvz"
              />
            </div>
          </div>
          <div
            class="MuiDataGrid-footerContainer MuiDataGrid-withBorderColor css-wop1k0-MuiDataGrid-footerContainer"
          >
            <div />
            <div
              class="MuiTablePagination-root css-rtrcn9-MuiTablePagination-root"
            >
              <div
                class="MuiToolbar-root MuiToolbar-gutters MuiToolbar-regular MuiTablePagination-toolbar css-78c6dr-MuiToolbar-root-MuiTablePagination-toolbar"
              >
                <div
                  class="MuiTablePagination-spacer css-1psng7p-MuiTablePagination-spacer"
                />
                <p
                  class="MuiTablePagination-selectLabel css-pdct74-MuiTablePagination-selectLabel"
                  id=":r4:"
                >
                  Rows per page:
                </p>
                <div
                  class="MuiInputBase-root MuiInputBase-colorPrimary MuiTablePagination-input css-16c50h-MuiInputBase-root-MuiTablePagination-select"
                >
                  <div
                    aria-controls=":r5:"
                    aria-expanded="false"
                    aria-haspopup="listbox"
                    aria-labelledby=":r4: :r3:"
                    class="MuiSelect-select MuiTablePagination-select MuiSelect-standard MuiInputBase-input css-194a1fa-MuiSelect-select-MuiInputBase-input"
                    id=":r3:"
                    role="combobox"
                    tabindex="0"
                  >
                    20
                  </div>
                  <input
                    aria-hidden="true"
                    aria-invalid="false"
                    class="MuiSelect-nativeInput css-yf8vq0-MuiSelect-nativeInput"
                    tabindex="-1"
                    value="20"
                  />
                  <svg
                    aria-hidden="true"
                    class="MuiSvgIcon-root MuiSvgIcon-fontSizeMedium MuiSelect-icon MuiTablePagination-selectIcon MuiSelect-iconStandard css-pqjvzy-MuiSvgIcon-root-MuiSelect-icon"
                    data-testid="ArrowDropDownIcon"
                    focusable="false"
                    viewBox="0 0 24 24"
                  >
                    <path
                      d="M7 10l5 5 5-5z"
                    />
                  </svg>
                </div>
                <p
                  class="MuiTablePagination-displayedRows css-levciy-MuiTablePagination-displayedRows"
                >
                  1–2 of 2
                </p>
                <div
                  class="MuiTablePagination-actions"
                >
                  <button
                    aria-label="Go to previous page"
                    class="MuiButtonBase-root Mui-disabled MuiIconButton-root Mui-disabled MuiIconButton-colorInherit MuiIconButton-sizeMedium css-zylse7-MuiButtonBase-root-MuiIconButton-root"
                    disabled=""
                    tabindex="-1"
                    title="Go to previous page"
                    type="button"
                  >
                    <svg
                      aria-hidden="true"
                      class="MuiSvgIcon-root MuiSvgIcon-fontSizeMedium css-i4bv87-MuiSvgIcon-root"
                      data-testid="KeyboardArrowLeftIcon"
                      focusable="false"
                      viewBox="0 0 24 24"
                    >
                      <path
                        d="M15.41 16.09l-4.58-4.59 4.58-4.59L14 5.5l-6 6 6 6z"
                      />
                    </svg>
                  </button>
                  <button
                    aria-label="Go to next page"
                    class="MuiButtonBase-root Mui-disabled MuiIconButton-root Mui-disabled MuiIconButton-colorInherit MuiIconButton-sizeMedium css-zylse7-MuiButtonBase-root-MuiIconButton-root"
                    disabled=""
                    tabindex="-1"
                    title="Go to next page"
                    type="button"
                  >
                    <svg
                      aria-hidden="true"
                      class="MuiSvgIcon-root MuiSvgIcon-fontSizeMedium css-i4bv87-MuiSvgIcon-root"
                      data-testid="KeyboardArrowRightIcon"
                      focusable="false"
                      viewBox="0 0 24 24"
                    >
                      <path
                        d="M8.59 16.34l4.58-4.59-4.58-4.59L10 5.75l6 6-6 6z"
                      />
                    </svg>
                  </button>
                </div>
              </div>
            </div>
          </div>
        </div>
      </div>
    </div>
  </div>
</div>
`;
