// Vitest Snapshot v1, https://vitest.dev/guide/snapshot.html

exports[`ChecksumModal component > ChecksumModal renders correctly 1`] = `
<div
  aria-hidden="true"
>
  <div
    hidden=""
    style="position: fixed; top: 1px; left: 1px; width: 1px; height: 0px; padding: 0px; margin: -1px; overflow: hidden; clip: rect(0px, 0px, 0px, 0px); white-space: nowrap; border-width: 0px; display: none;"
  />
</div>
`;
