// Vitest Snapshot v1, https://vitest.dev/guide/snapshot.html

exports[`Tags component > should render correctly - no tags 1`] = `<div />`;

exports[`Tags component > should render correctly 1`] = `
<div>
  <div
    class="flex flex-wrap gap-2 pt-6"
  >
    <a
      class="bg-pink hover:bg-pink-800 py-1 px-2 rounded-lg text-sm flex items-center"
      href="/news/tags/foo"
    >
      <svg
        class="mr-2"
        fill="currentColor"
        height="1em"
        stroke="currentColor"
        stroke-width="0"
        viewBox="0 0 512 512"
        width="1em"
        xmlns="http://www.w3.org/2000/svg"
      >
        <path
          d="M0 252.118V48C0 21.49 21.49 0 48 0h204.118a48 48 0 0 1 33.941 14.059l211.882 211.882c18.745 18.745 18.745 49.137 0 67.882L293.823 497.941c-18.745 18.745-49.137 18.745-67.882 0L14.059 286.059A48 48 0 0 1 0 252.118zM112 64c-26.51 0-48 21.49-48 48s21.49 48 48 48 48-21.49 48-48-21.49-48-48-48z"
        />
      </svg>
      foo
    </a>
    <a
      class="bg-pink hover:bg-pink-800 py-1 px-2 rounded-lg text-sm flex items-center"
      href="/news/tags/bar"
    >
      <svg
        class="mr-2"
        fill="currentColor"
        height="1em"
        stroke="currentColor"
        stroke-width="0"
        viewBox="0 0 512 512"
        width="1em"
        xmlns="http://www.w3.org/2000/svg"
      >
        <path
          d="M0 252.118V48C0 21.49 21.49 0 48 0h204.118a48 48 0 0 1 33.941 14.059l211.882 211.882c18.745 18.745 18.745 49.137 0 67.882L293.823 497.941c-18.745 18.745-49.137 18.745-67.882 0L14.059 286.059A48 48 0 0 1 0 252.118zM112 64c-26.51 0-48 21.49-48 48s21.49 48 48 48 48-21.49 48-48-21.49-48-48-48z"
        />
      </svg>
      bar
    </a>
  </div>
</div>
`;
