// Vitest Snapshot v1, https://vitest.dev/guide/snapshot.html

exports[`fetchLatestForOS > binary URL is set correctly 1`] = `
{
  "checksum": "sha256sum_mock",
  "link": "https://link_mock/",
  "release_name": "release_name_mock",
}
`;

exports[`fetchLatestForOS > installer is returned if available 1`] = `
{
  "checksum": "installer_sha256sum_mock",
  "link": "https://installer_link_mock/",
  "release_name": "release_name_mock",
}
`;
