// Vitest Snapshot v1, https://vitest.dev/guide/snapshot.html

exports[`fetchArches > URL is set correctly 1`] = `
[
  {
    "name": "Mock_aarch64",
    "value": "mock_aarch64",
  },
]
`;

exports[`fetchOses > URL is set correctly 1`] = `
[
  {
    "name": "Mock_linux",
    "value": "mock_linux",
  },
]
`;
